******************************************************************************
            TI ARM Clang Linker PC v4.0.2                      
******************************************************************************
>> Linked Tue May 13 15:47:46 2025

OUTPUT FILE NAME:   <adc12_max_freq_dma_LP_MSPM0G3507_nortos_ticlang.out>
ENTRY POINT SYMBOL: "_c_int00_noargs"  address: 00000d25


MEMORY CONFIGURATION

         name            origin    length      used     unused   attr    fill
----------------------  --------  ---------  --------  --------  ----  --------
  FLASH                 00000000   00020000  00001658  0001e9a8  R  X
  SRAM                  20200000   00008000  00000a3e  000075c2  RW X
  BCR_CONFIG            41c00000   000000ff  00000000  000000ff  R   
  BSL_CONFIG            41c00100   00000080  00000000  00000080  R   


SEGMENT ALLOCATION MAP

run origin  load origin   length   init length attrs members
----------  ----------- ---------- ----------- ----- -------
00000000    00000000    00001658   00001658    r-x
  00000000    00000000    000000c0   000000c0    r-- .intvecs
  000000c0    000000c0    000011a0   000011a0    r-x .text
  00001260    00001260    000003c8   000003c8    r-- .rodata
  00001628    00001628    00000030   00000030    r-- .cinit
20200000    20200000    00000840   00000000    rw-
  20200000    20200000    00000832   00000000    rw- .bss
  20200834    20200834    0000000c   00000000    rw- .data
20207e00    20207e00    00000200   00000000    rw-
  20207e00    20207e00    00000200   00000000    rw- .stack


SECTION ALLOCATION MAP

 output                                  attributes/
section   page    origin      length       input sections
--------  ----  ----------  ----------   ----------------
.intvecs   0    00000000    000000c0     
                  00000000    000000c0     startup_mspm0g350x_ticlang.o (.intvecs)

.text      0    000000c0    000011a0     
                  000000c0    0000012c     oled.o (.text.I2C0_IRQHandler)
                  000001ec    00000100     oled.o (.text.OLED_Init)
                  000002ec    000000e8     adc12_max_freq_dma.o (.text.main)
                  000003d4    000000dc     oled.o (.text.OLED_WR_Byte)
                  000004b0    000000a8     oled.o (.text.OLED_ShowChinese)
                  00000558    0000008c     ti_msp_dl_config.o (.text.SYSCFG_DL_ADC12_0_init)
                  000005e4    00000084     ti_msp_dl_config.o (.text.SYSCFG_DL_GPIO_init)
                  00000668    0000007c     adc12_max_freq_dma.o (.text.Key_Proc)
                  000006e4    0000007c     libc.a : copy_decompress_lzss.c.obj (.text:decompress:lzss)
                  00000760    0000006a     oled.o (.text.OLED_Clear)
                  000007ca    00000002     libclang_rt.builtins.a : aeabi_div0.c.obj (.text.__aeabi_idiv0)
                  000007cc    00000064     ti_msp_dl_config.o (.text.SYSCFG_DL_I2C_OLED_init)
                  00000830    0000005e     driverlib.a : dl_i2c.o (.text.DL_I2C_fillControllerTXFIFO)
                  0000088e    00000002     --HOLE-- [fill = 0]
                  00000890    00000054     ti_msp_dl_config.o (.text.SYSCFG_DL_initPower)
                  000008e4    00000050     oled.o (.text.DL_I2C_startControllerTransfer)
                  00000934    0000004c     ti_msp_dl_config.o (.text.DL_ADC12_initSingleSample)
                  00000980    0000004c     driverlib.a : dl_dma.o (.text.DL_DMA_initChannel)
                  000009cc    0000004a     ti_msp_dl_config.o (.text.DL_ADC12_configConversionMem)
                  00000a16    00000002     --HOLE-- [fill = 0]
                  00000a18    00000040     driverlib.a : dl_adc12.o (.text.DL_ADC12_setClockConfig)
                  00000a58    00000040     libclang_rt.builtins.a : aeabi_uidivmod.S.obj (.text.__aeabi_uidivmod)
                  00000a98    0000003c     ti_msp_dl_config.o (.text.DL_GPIO_initPeripheralInputFunctionFeatures)
                  00000ad4    0000003c     oled.o (.text.OLED_Set_Pos)
                  00000b10    0000003c     libc.a : autoinit.c.obj (.text:__TI_auto_init_nobinit_nopinit)
                  00000b4c    00000034     ti_msp_dl_config.o (.text.DL_GPIO_initDigitalInputFeatures)
                  00000b80    00000030     adc12_max_freq_dma.o (.text.DL_DMA_setTransferSize)
                  00000bb0    0000002c     ti_msp_dl_config.o (.text.DL_ADC12_setDMASamplesCnt)
                  00000bdc    0000002c     adc12_max_freq_dma.o (.text.__NVIC_EnableIRQ)
                  00000c08    0000002c     oled.o (.text.__NVIC_EnableIRQ)
                  00000c34    00000028     oled.o (.text.DL_Common_updateReg)
                  00000c5c    00000028     ti_msp_dl_config.o (.text.DL_Common_updateReg)
                  00000c84    00000028     adc12_max_freq_dma.o (.text.DL_DMA_setDestAddr)
                  00000cac    00000028     adc12_max_freq_dma.o (.text.DL_DMA_setSrcAddr)
                  00000cd4    00000028     ti_msp_dl_config.o (.text.DL_I2C_setControllerRXFIFOThreshold)
                  00000cfc    00000028     ti_msp_dl_config.o (.text.DL_I2C_setControllerTXFIFOThreshold)
                  00000d24    00000028     libc.a : boot_cortex_m.c.obj (.text:_c_int00_noargs)
                  00000d4c    00000026     adc12_max_freq_dma.o (.text.DL_DMA_enableChannel)
                  00000d72    00000026     ti_msp_dl_config.o (.text.DL_I2C_setAnalogGlitchFilterPulseWidth)
                  00000d98    00000026     driverlib.a : dl_i2c.o (.text.DL_I2C_setClockConfig)
                  00000dbe    00000022     oled.o (.text.delay_ms)
                  00000de0    0000001e     ti_msp_dl_config.o (.text.DL_ADC12_setPowerDownMode)
                  00000dfe    0000001e     ti_msp_dl_config.o (.text.SYSCFG_DL_SYSCTL_init)
                  00000e1c    0000001c     ti_msp_dl_config.o (.text.DL_ADC12_clearInterruptStatus)
                  00000e38    0000001c     ti_msp_dl_config.o (.text.DL_ADC12_enableDMA)
                  00000e54    0000001c     ti_msp_dl_config.o (.text.DL_ADC12_enableDMATrigger)
                  00000e70    0000001c     ti_msp_dl_config.o (.text.DL_ADC12_enableFIFO)
                  00000e8c    0000001c     ti_msp_dl_config.o (.text.DL_ADC12_enableInterrupt)
                  00000ea8    0000001c     adc12_max_freq_dma.o (.text.DL_ADC12_startConversion)
                  00000ec4    0000001c     ti_msp_dl_config.o (.text.DL_GPIO_enableHiZ)
                  00000ee0    0000001c     oled.o (.text.DL_I2C_disableInterrupt)
                  00000efc    0000001c     ti_msp_dl_config.o (.text.DL_I2C_enableInterrupt)
                  00000f18    0000001c     oled.o (.text.DL_I2C_isControllerRXFIFOEmpty)
                  00000f34    0000001c     ti_msp_dl_config.o (.text.DL_SYSCTL_setSYSOSCFreq)
                  00000f50    0000001c     ti_msp_dl_config.o (.text.SYSCFG_DL_init)
                  00000f6c    00000018     ti_msp_dl_config.o (.text.DL_ADC12_enablePower)
                  00000f84    00000018     ti_msp_dl_config.o (.text.DL_ADC12_reset)
                  00000f9c    00000018     ti_msp_dl_config.o (.text.DL_ADC12_setSampleTime0)
                  00000fb4    00000018     ti_msp_dl_config.o (.text.DL_GPIO_enableOutput)
                  00000fcc    00000018     ti_msp_dl_config.o (.text.DL_GPIO_enablePower)
                  00000fe4    00000018     ti_msp_dl_config.o (.text.DL_GPIO_initDigitalOutput)
                  00000ffc    00000018     ti_msp_dl_config.o (.text.DL_GPIO_reset)
                  00001014    00000018     adc12_max_freq_dma.o (.text.DL_GPIO_togglePins)
                  0000102c    00000018     ti_msp_dl_config.o (.text.DL_I2C_enableAnalogGlitchFilter)
                  00001044    00000018     ti_msp_dl_config.o (.text.DL_I2C_enableController)
                  0000105c    00000018     ti_msp_dl_config.o (.text.DL_I2C_enableControllerClockStretching)
                  00001074    00000018     ti_msp_dl_config.o (.text.DL_I2C_enablePower)
                  0000108c    00000018     ti_msp_dl_config.o (.text.DL_I2C_reset)
                  000010a4    00000018     ti_msp_dl_config.o (.text.DL_I2C_setTimerPeriod)
                  000010bc    00000018     ti_msp_dl_config.o (.text.DL_SYSCTL_setBORThreshold)
                  000010d4    00000018     ti_msp_dl_config.o (.text.SYSCFG_DL_DMA_CH0_init)
                  000010ec    00000016     adc12_max_freq_dma.o (.text.ADC0_IRQHandler)
                  00001102    00000016     ti_msp_dl_config.o (.text.DL_ADC12_enableConversions)
                  00001118    00000016     adc12_max_freq_dma.o (.text.DL_GPIO_readPins)
                  0000112e    00000002     --HOLE-- [fill = 0]
                  00001130    00000014     adc12_max_freq_dma.o (.text.DL_ADC12_getFIFOAddress)
                  00001144    00000014     ti_msp_dl_config.o (.text.DL_GPIO_clearPins)
                  00001158    00000014     oled.o (.text.DL_I2C_getControllerStatus)
                  0000116c    00000014     oled.o (.text.DL_I2C_receiveControllerData)
                  00001180    00000014     ti_msp_dl_config.o (.text.DL_I2C_resetControllerTransfer)
                  00001194    00000014     ti_msp_dl_config.o (.text.DL_SYSCTL_disableSYSPLL)
                  000011a8    00000012     adc12_max_freq_dma.o (.text.DL_ADC12_getPendingInterrupt)
                  000011ba    00000012     oled.o (.text.DL_I2C_getPendingInterrupt)
                  000011cc    00000012     libc.a : memcpy16.S.obj (.text:TI_memcpy_small)
                  000011de    00000012            : copy_decompress_none.c.obj (.text:decompress:none)
                  000011f0    00000010     ti_msp_dl_config.o (.text.DL_SYSCTL_disableHFXT)
                  00001200    00000010     libc.a : copy_zero_init.c.obj (.text:decompress:ZI)
                  00001210    0000000e            : memset16.S.obj (.text:TI_memset_small)
                  0000121e    00000002     --HOLE-- [fill = 0]
                  00001220    0000000c     libclang_rt.builtins.a : aeabi_memset.S.obj (.text.__aeabi_memclr)
                  0000122c    0000000a     driverlib.a : dl_common.o (.text.DL_Common_delayCycles)
                  00001236    00000008     ti_msp_dl_config.o (.text.SYSCFG_DL_DMA_init)
                  0000123e    00000002     --HOLE-- [fill = 0]
                  00001240    00000008     libclang_rt.builtins.a : aeabi_memcpy.S.obj (.text.__aeabi_memcpy)
                  00001248    00000006     libc.a : exit.c.obj (.text:abort)
                  0000124e    00000004     startup_mspm0g350x_ticlang.o (.text.Default_Handler)
                  00001252    00000004     libsysbm.a : hostexit.c.obj (.text.HOSTexit)
                  00001256    00000004     startup_mspm0g350x_ticlang.o (.text.Reset_Handler)
                  0000125a    00000004     libc.a : pre_init.c.obj (.text._system_pre_init)
                  0000125e    00000002     --HOLE-- [fill = 0]

.cinit     0    00001628    00000030     
                  00001628    0000000c     (__TI_handler_table)
                  00001634    00000008     (.cinit..bss.load) [load image, compression = zero_init]
                  0000163c    00000007     (.cinit..data.load) [load image, compression = lzss]
                  00001643    00000001     --HOLE-- [fill = 0]
                  00001644    00000010     (__TI_cinit_table)
                  00001654    00000004     --HOLE-- [fill = 0]

.rodata    0    00001260    000003c8     
                  00001260    000003a0     oled.o (.rodata.Hzk)
                  00001600    00000018     ti_msp_dl_config.o (.rodata.gDMA_CH0Config)
                  00001618    00000008     ti_msp_dl_config.o (.rodata.gADC12_0ClockConfig)
                  00001620    00000002     ti_msp_dl_config.o (.rodata.gI2C_OLEDClockConfig)
                  00001622    00000006     --HOLE-- [fill = 0]

.init_array 
*          0    00000000    00000000     UNINITIALIZED

.binit     0    00000000    00000000     

.bss       0    20200000    00000832     UNINITIALIZED
                  20200000    00000800     (.common:gADCSamples)
                  20200800    00000010     (.common:gRxPacket)
                  20200810    00000010     (.common:gTxPacket)
                  20200820    00000004     (.common:gRxCount)
                  20200824    00000004     (.common:gRxLen)
                  20200828    00000004     (.common:gTxCount)
                  2020082c    00000004     (.common:gTxLen)
                  20200830    00000001     (.common:gCheckADC)
                  20200831    00000001     (.common:gI2cControllerStatus)

.data      0    20200834    0000000c     UNINITIALIZED
                  20200834    00000004     adc12_max_freq_dma.o (.data.Key_Down)
                  20200838    00000004     adc12_max_freq_dma.o (.data.Key_Old)
                  2020083c    00000004     adc12_max_freq_dma.o (.data.Key_Value)

.stack     0    20207e00    00000200     UNINITIALIZED
                  20207e00    00000004     libc.a : boot_cortex_m.c.obj (.stack)
                  20207e04    000001fc     --HOLE--

__llvm_prf_cnts 
*          0    20200000    00000000     UNINITIALIZED

__llvm_prf_bits 
*          0    20200000    00000000     UNINITIALIZED

MODULE SUMMARY

       Module                         code   ro data   rw data
       ------                         ----   -------   -------
    .\
       adc12_max_freq_dma.o           700    0         2061   
       ti_msp_dl_config.o             1698   34        0      
       startup_mspm0g350x_ticlang.o   8      192       0      
    +--+------------------------------+------+---------+---------+
       Total:                         2406   226       2061   
                                                              
    .\OLED\
       oled.o                         1422   928       49     
    +--+------------------------------+------+---------+---------+
       Total:                         1422   928       49     
                                                              
    E:/ti/mspm0_sdk_2_04_00_06/source/ti/driverlib/lib/ticlang/m0p/mspm0g1x0x_g3x0x/driverlib.a
       dl_i2c.o                       132    0         0      
       dl_dma.o                       76     0         0      
       dl_adc12.o                     64     0         0      
       dl_common.o                    10     0         0      
    +--+------------------------------+------+---------+---------+
       Total:                         282    0         0      
                                                              
    E:\ti\ccstheia141\ccs\tools\compiler\ti-cgt-armllvm_4.0.2.LTS\lib\armv6m-ti-none-eabi/c/libc.a
       copy_decompress_lzss.c.obj     124    0         0      
       autoinit.c.obj                 60     0         0      
       boot_cortex_m.c.obj            40     0         0      
       copy_decompress_none.c.obj     18     0         0      
       memcpy16.S.obj                 18     0         0      
       copy_zero_init.c.obj           16     0         0      
       memset16.S.obj                 14     0         0      
       exit.c.obj                     6      0         0      
       pre_init.c.obj                 4      0         0      
    +--+------------------------------+------+---------+---------+
       Total:                         300    0         0      
                                                              
    E:\ti\ccstheia141\ccs\tools\compiler\ti-cgt-armllvm_4.0.2.LTS\lib\armv6m-ti-none-eabi/c/libsysbm.a
       hostexit.c.obj                 4      0         0      
    +--+------------------------------+------+---------+---------+
       Total:                         4      0         0      
                                                              
    E:\ti\ccstheia141\ccs\tools\compiler\ti-cgt-armllvm_4.0.2.LTS\lib\armv6m-ti-none-eabi/libclang_rt.builtins.a
       aeabi_uidivmod.S.obj           64     0         0      
       aeabi_memset.S.obj             12     0         0      
       aeabi_memcpy.S.obj             8      0         0      
       aeabi_div0.c.obj               2      0         0      
    +--+------------------------------+------+---------+---------+
       Total:                         86     0         0      
                                                              
       Stack:                         0      0         512    
       Linker Generated:              0      43        0      
    +--+------------------------------+------+---------+---------+
       Grand Total:                   4500   1197      2622   


LINKER GENERATED COPY TABLES

__TI_cinit_table @ 00001644 records: 2, size/record: 8, table size: 16
	.bss: load addr=00001634, load size=00000008 bytes, run addr=20200000, run size=00000832 bytes, compression=zero_init
	.data: load addr=0000163c, load size=00000007 bytes, run addr=20200834, run size=0000000c bytes, compression=lzss


LINKER GENERATED HANDLER TABLE

__TI_handler_table @ 00001628 records: 3, size/record: 4, table size: 12
	index: 0, handler: __TI_decompress_lzss
	index: 1, handler: __TI_decompress_none
	index: 2, handler: __TI_zero_init


GLOBAL SYMBOLS: SORTED ALPHABETICALLY BY Name 

address   name                          
-------   ----                          
000010ed  ADC0_IRQHandler               
0000124f  ADC1_IRQHandler               
0000124f  AES_IRQHandler                
00001252  C$$EXIT                       
0000124f  CANFD0_IRQHandler             
0000124f  DAC0_IRQHandler               
00000a19  DL_ADC12_setClockConfig       
0000122d  DL_Common_delayCycles         
00000981  DL_DMA_initChannel            
00000831  DL_I2C_fillControllerTXFIFO   
00000d99  DL_I2C_setClockConfig         
0000124f  DMA_IRQHandler                
0000124f  Default_Handler               
0000124f  GROUP0_IRQHandler             
0000124f  GROUP1_IRQHandler             
00001253  HOSTexit                      
0000124f  HardFault_Handler             
00001260  Hzk                           
000000c1  I2C0_IRQHandler               
0000124f  I2C1_IRQHandler               
20200834  Key_Down                      
20200838  Key_Old                       
00000669  Key_Proc                      
2020083c  Key_Value                     
0000124f  NMI_Handler                   
00000761  OLED_Clear                    
000001ed  OLED_Init                     
00000ad5  OLED_Set_Pos                  
000004b1  OLED_ShowChinese              
000003d5  OLED_WR_Byte                  
0000124f  PendSV_Handler                
0000124f  RTC_IRQHandler                
00001257  Reset_Handler                 
0000124f  SPI0_IRQHandler               
0000124f  SPI1_IRQHandler               
0000124f  SVC_Handler                   
00000559  SYSCFG_DL_ADC12_0_init        
000010d5  SYSCFG_DL_DMA_CH0_init        
00001237  SYSCFG_DL_DMA_init            
000005e5  SYSCFG_DL_GPIO_init           
000007cd  SYSCFG_DL_I2C_OLED_init       
00000dff  SYSCFG_DL_SYSCTL_init         
00000f51  SYSCFG_DL_init                
00000891  SYSCFG_DL_initPower           
0000124f  SysTick_Handler               
0000124f  TIMA0_IRQHandler              
0000124f  TIMA1_IRQHandler              
0000124f  TIMG0_IRQHandler              
0000124f  TIMG12_IRQHandler             
0000124f  TIMG6_IRQHandler              
0000124f  TIMG7_IRQHandler              
0000124f  TIMG8_IRQHandler              
000011cd  TI_memcpy_small               
00001211  TI_memset_small               
0000124f  UART0_IRQHandler              
0000124f  UART1_IRQHandler              
0000124f  UART2_IRQHandler              
0000124f  UART3_IRQHandler              
20208000  __STACK_END                   
00000200  __STACK_SIZE                  
00000000  __TI_ATRegion0_region_sz      
00000000  __TI_ATRegion0_src_addr       
00000000  __TI_ATRegion0_trg_addr       
00000000  __TI_ATRegion1_region_sz      
00000000  __TI_ATRegion1_src_addr       
00000000  __TI_ATRegion1_trg_addr       
00000000  __TI_ATRegion2_region_sz      
00000000  __TI_ATRegion2_src_addr       
00000000  __TI_ATRegion2_trg_addr       
00001644  __TI_CINIT_Base               
00001654  __TI_CINIT_Limit              
00001654  __TI_CINIT_Warm               
00001628  __TI_Handler_Table_Base       
00001634  __TI_Handler_Table_Limit      
00000b11  __TI_auto_init_nobinit_nopinit
000006e5  __TI_decompress_lzss          
000011df  __TI_decompress_none          
ffffffff  __TI_pprof_out_hndl           
ffffffff  __TI_prof_data_size           
ffffffff  __TI_prof_data_start          
00000000  __TI_static_base__            
00001201  __TI_zero_init                
000007cb  __aeabi_idiv0                 
00001221  __aeabi_memclr                
00001221  __aeabi_memclr4               
00001221  __aeabi_memclr8               
00001241  __aeabi_memcpy                
00001241  __aeabi_memcpy4               
00001241  __aeabi_memcpy8               
00000a59  __aeabi_uidiv                 
00000a59  __aeabi_uidivmod              
ffffffff  __binit__                     
UNDEFED   __mpu_init                    
20207e00  __stack                       
20200000  __start___llvm_prf_bits       
20200000  __start___llvm_prf_cnts       
20200000  __stop___llvm_prf_bits        
20200000  __stop___llvm_prf_cnts        
00000d25  _c_int00_noargs               
UNDEFED   _system_post_cinit            
0000125b  _system_pre_init              
00001249  abort                         
ffffffff  binit                         
00000dbf  delay_ms                      
20200000  gADCSamples                   
20200830  gCheckADC                     
20200831  gI2cControllerStatus          
20200820  gRxCount                      
20200824  gRxLen                        
20200800  gRxPacket                     
20200828  gTxCount                      
2020082c  gTxLen                        
20200810  gTxPacket                     
00000000  interruptVectors              
000002ed  main                          


GLOBAL SYMBOLS: SORTED BY Symbol Address 

address   name                          
-------   ----                          
00000000  __TI_ATRegion0_region_sz      
00000000  __TI_ATRegion0_src_addr       
00000000  __TI_ATRegion0_trg_addr       
00000000  __TI_ATRegion1_region_sz      
00000000  __TI_ATRegion1_src_addr       
00000000  __TI_ATRegion1_trg_addr       
00000000  __TI_ATRegion2_region_sz      
00000000  __TI_ATRegion2_src_addr       
00000000  __TI_ATRegion2_trg_addr       
00000000  __TI_static_base__            
00000000  interruptVectors              
000000c1  I2C0_IRQHandler               
000001ed  OLED_Init                     
00000200  __STACK_SIZE                  
000002ed  main                          
000003d5  OLED_WR_Byte                  
000004b1  OLED_ShowChinese              
00000559  SYSCFG_DL_ADC12_0_init        
000005e5  SYSCFG_DL_GPIO_init           
00000669  Key_Proc                      
000006e5  __TI_decompress_lzss          
00000761  OLED_Clear                    
000007cb  __aeabi_idiv0                 
000007cd  SYSCFG_DL_I2C_OLED_init       
00000831  DL_I2C_fillControllerTXFIFO   
00000891  SYSCFG_DL_initPower           
00000981  DL_DMA_initChannel            
00000a19  DL_ADC12_setClockConfig       
00000a59  __aeabi_uidiv                 
00000a59  __aeabi_uidivmod              
00000ad5  OLED_Set_Pos                  
00000b11  __TI_auto_init_nobinit_nopinit
00000d25  _c_int00_noargs               
00000d99  DL_I2C_setClockConfig         
00000dbf  delay_ms                      
00000dff  SYSCFG_DL_SYSCTL_init         
00000f51  SYSCFG_DL_init                
000010d5  SYSCFG_DL_DMA_CH0_init        
000010ed  ADC0_IRQHandler               
000011cd  TI_memcpy_small               
000011df  __TI_decompress_none          
00001201  __TI_zero_init                
00001211  TI_memset_small               
00001221  __aeabi_memclr                
00001221  __aeabi_memclr4               
00001221  __aeabi_memclr8               
0000122d  DL_Common_delayCycles         
00001237  SYSCFG_DL_DMA_init            
00001241  __aeabi_memcpy                
00001241  __aeabi_memcpy4               
00001241  __aeabi_memcpy8               
00001249  abort                         
0000124f  ADC1_IRQHandler               
0000124f  AES_IRQHandler                
0000124f  CANFD0_IRQHandler             
0000124f  DAC0_IRQHandler               
0000124f  DMA_IRQHandler                
0000124f  Default_Handler               
0000124f  GROUP0_IRQHandler             
0000124f  GROUP1_IRQHandler             
0000124f  HardFault_Handler             
0000124f  I2C1_IRQHandler               
0000124f  NMI_Handler                   
0000124f  PendSV_Handler                
0000124f  RTC_IRQHandler                
0000124f  SPI0_IRQHandler               
0000124f  SPI1_IRQHandler               
0000124f  SVC_Handler                   
0000124f  SysTick_Handler               
0000124f  TIMA0_IRQHandler              
0000124f  TIMA1_IRQHandler              
0000124f  TIMG0_IRQHandler              
0000124f  TIMG12_IRQHandler             
0000124f  TIMG6_IRQHandler              
0000124f  TIMG7_IRQHandler              
0000124f  TIMG8_IRQHandler              
0000124f  UART0_IRQHandler              
0000124f  UART1_IRQHandler              
0000124f  UART2_IRQHandler              
0000124f  UART3_IRQHandler              
00001252  C$$EXIT                       
00001253  HOSTexit                      
00001257  Reset_Handler                 
0000125b  _system_pre_init              
00001260  Hzk                           
00001628  __TI_Handler_Table_Base       
00001634  __TI_Handler_Table_Limit      
00001644  __TI_CINIT_Base               
00001654  __TI_CINIT_Limit              
00001654  __TI_CINIT_Warm               
20200000  __start___llvm_prf_bits       
20200000  __start___llvm_prf_cnts       
20200000  __stop___llvm_prf_bits        
20200000  __stop___llvm_prf_cnts        
20200000  gADCSamples                   
20200800  gRxPacket                     
20200810  gTxPacket                     
20200820  gRxCount                      
20200824  gRxLen                        
20200828  gTxCount                      
2020082c  gTxLen                        
20200830  gCheckADC                     
20200831  gI2cControllerStatus          
20200834  Key_Down                      
20200838  Key_Old                       
2020083c  Key_Value                     
20207e00  __stack                       
20208000  __STACK_END                   
ffffffff  __TI_pprof_out_hndl           
ffffffff  __TI_prof_data_size           
ffffffff  __TI_prof_data_start          
ffffffff  __binit__                     
ffffffff  binit                         
UNDEFED   __mpu_init                    
UNDEFED   _system_post_cinit            

[115 symbols]
