<?xml version="1.0" encoding="ISO-8859-1" ?>
<link_info>
   <banner>TI ARM Clang Linker PC v4.0.3.LTS</banner>
   <copyright>Copyright (c) 1996-2018 Texas Instruments Incorporated</copyright>
   <command_line>D:\ti\ccs2020\ccs\tools\compiler\ti-cgt-armllvm_4.0.3.LTS\bin\tiarmlnk -ID:\ti\ccs2020\ccs\tools\compiler\ti-cgt-armllvm_4.0.3.LTS\lib -o G3507_ADC_MAX_FREQ_OLED_KEY_TIMER_UART.out -mG3507_ADC_MAX_FREQ_OLED_KEY_TIMER_UART.map -iD:/ti/mspm0_sdk_2_04_00_06/source -iC:/Users/Marti/workspace_ccstheia/G3507_ADC_MAX_FREQ_OLED_KEY_TIMER_UART -iC:/Users/Marti/workspace_ccstheia/G3507_ADC_MAX_FREQ_OLED_KEY_TIMER_UART/Debug/syscfg -iD:/ti/ccs2020/ccs/tools/compiler/ti-cgt-armllvm_4.0.3.LTS/lib --diag_wrap=off --display_error_number --warn_sections --xml_link_info=G3507_ADC_MAX_FREQ_OLED_KEY_TIMER_UART_linkInfo.xml --rom_model ./G3507_Signal_Analysis_Device.o ./ti_msp_dl_config.o ./startup_mspm0g350x_ticlang.o ./OLED/oled.o -l./device_linker.cmd -ldevice.cmd.genlibs -llibc.a --start-group -llibc++.a -llibc++abi.a -llibc.a -llibsys.a -llibsysbm.a -llibclang_rt.builtins.a -llibclang_rt.profile.a --end-group --cg_opt_level=0</command_line>
   <link_time>0x68abd773</link_time>
   <link_errors>0x0</link_errors>
   <output_file>C:\Users\Marti\workspace_ccstheia\G3507_ADC_MAX_FREQ_OLED_KEY_TIMER_UART\Debug\G3507_ADC_MAX_FREQ_OLED_KEY_TIMER_UART.out</output_file>
   <entry_point>
      <name>_c_int00_noargs</name>
      <address>0xf2e5</address>
   </entry_point>
   <input_file_list>
      <input_file id="fl-1">
         <path>C:\Users\Marti\workspace_ccstheia\G3507_ADC_MAX_FREQ_OLED_KEY_TIMER_UART\Debug\.\</path>
         <kind>object</kind>
         <file>G3507_Signal_Analysis_Device.o</file>
         <name>G3507_Signal_Analysis_Device.o</name>
      </input_file>
      <input_file id="fl-2">
         <path>C:\Users\Marti\workspace_ccstheia\G3507_ADC_MAX_FREQ_OLED_KEY_TIMER_UART\Debug\.\</path>
         <kind>object</kind>
         <file>ti_msp_dl_config.o</file>
         <name>ti_msp_dl_config.o</name>
      </input_file>
      <input_file id="fl-3">
         <path>C:\Users\Marti\workspace_ccstheia\G3507_ADC_MAX_FREQ_OLED_KEY_TIMER_UART\Debug\.\</path>
         <kind>object</kind>
         <file>startup_mspm0g350x_ticlang.o</file>
         <name>startup_mspm0g350x_ticlang.o</name>
      </input_file>
      <input_file id="fl-4">
         <path>C:\Users\Marti\workspace_ccstheia\G3507_ADC_MAX_FREQ_OLED_KEY_TIMER_UART\Debug\.\OLED\</path>
         <kind>object</kind>
         <file>oled.o</file>
         <name>oled.o</name>
      </input_file>
      <input_file id="fl-12">
         <path>C:\Users\Marti\workspace_ccstheia\G3507_ADC_MAX_FREQ_OLED_KEY_TIMER_UART\Debug\</path>
         <kind>object</kind>
         <file>&lt;internal&gt;</file>
         <name>&lt;internal&gt;</name>
      </input_file>
      <input_file id="fl-13">
         <path>D:\ti\mspm0_sdk_2_04_00_06\source\third_party\CMSIS\DSP\lib\ticlang\m0p\</path>
         <kind>archive</kind>
         <file>arm_cortexM0l_math.a</file>
         <name>arm_cmplx_mag_f32.o</name>
      </input_file>
      <input_file id="fl-14">
         <path>D:\ti\mspm0_sdk_2_04_00_06\source\third_party\CMSIS\DSP\lib\ticlang\m0p\</path>
         <kind>archive</kind>
         <file>arm_cortexM0l_math.a</file>
         <name>arm_cfft_radix4_f32.o</name>
      </input_file>
      <input_file id="fl-15">
         <path>D:\ti\mspm0_sdk_2_04_00_06\source\third_party\CMSIS\DSP\lib\ticlang\m0p\</path>
         <kind>archive</kind>
         <file>arm_cortexM0l_math.a</file>
         <name>arm_cfft_radix4_init_f32.o</name>
      </input_file>
      <input_file id="fl-16">
         <path>D:\ti\mspm0_sdk_2_04_00_06\source\third_party\CMSIS\DSP\lib\ticlang\m0p\</path>
         <kind>archive</kind>
         <file>arm_cortexM0l_math.a</file>
         <name>arm_common_tables.o</name>
      </input_file>
      <input_file id="fl-17">
         <path>D:\ti\mspm0_sdk_2_04_00_06\source\third_party\CMSIS\DSP\lib\ticlang\m0p\</path>
         <kind>archive</kind>
         <file>arm_cortexM0l_math.a</file>
         <name>arm_bitreversal.o</name>
      </input_file>
      <input_file id="fl-18">
         <path>D:\ti\mspm0_sdk_2_04_00_06\source\ti\driverlib\lib\ticlang\m0p\mspm0g1x0x_g3x0x\</path>
         <kind>archive</kind>
         <file>driverlib.a</file>
         <name>dl_adc12.o</name>
      </input_file>
      <input_file id="fl-19">
         <path>D:\ti\mspm0_sdk_2_04_00_06\source\ti\driverlib\lib\ticlang\m0p\mspm0g1x0x_g3x0x\</path>
         <kind>archive</kind>
         <file>driverlib.a</file>
         <name>dl_common.o</name>
      </input_file>
      <input_file id="fl-1a">
         <path>D:\ti\mspm0_sdk_2_04_00_06\source\ti\driverlib\lib\ticlang\m0p\mspm0g1x0x_g3x0x\</path>
         <kind>archive</kind>
         <file>driverlib.a</file>
         <name>dl_dma.o</name>
      </input_file>
      <input_file id="fl-1b">
         <path>D:\ti\mspm0_sdk_2_04_00_06\source\ti\driverlib\lib\ticlang\m0p\mspm0g1x0x_g3x0x\</path>
         <kind>archive</kind>
         <file>driverlib.a</file>
         <name>dl_i2c.o</name>
      </input_file>
      <input_file id="fl-1c">
         <path>D:\ti\mspm0_sdk_2_04_00_06\source\ti\driverlib\lib\ticlang\m0p\mspm0g1x0x_g3x0x\</path>
         <kind>archive</kind>
         <file>driverlib.a</file>
         <name>dl_timer.o</name>
      </input_file>
      <input_file id="fl-1d">
         <path>D:\ti\mspm0_sdk_2_04_00_06\source\ti\driverlib\lib\ticlang\m0p\mspm0g1x0x_g3x0x\</path>
         <kind>archive</kind>
         <file>driverlib.a</file>
         <name>dl_uart.o</name>
      </input_file>
      <input_file id="fl-1e">
         <path>D:\ti\mspm0_sdk_2_04_00_06\source\ti\driverlib\lib\ticlang\m0p\mspm0g1x0x_g3x0x\</path>
         <kind>archive</kind>
         <file>driverlib.a</file>
         <name>dl_vref.o</name>
      </input_file>
      <input_file id="fl-35">
         <path>D:\ti\ccs2020\ccs\tools\compiler\ti-cgt-armllvm_4.0.3.LTS\lib\armv6m-ti-none-eabi\c\</path>
         <kind>archive</kind>
         <file>libc.a</file>
         <name>printf.c.obj</name>
      </input_file>
      <input_file id="fl-36">
         <path>D:\ti\ccs2020\ccs\tools\compiler\ti-cgt-armllvm_4.0.3.LTS\lib\armv6m-ti-none-eabi\c\</path>
         <kind>archive</kind>
         <file>libc.a</file>
         <name>_printfi.c.obj</name>
      </input_file>
      <input_file id="fl-37">
         <path>D:\ti\ccs2020\ccs\tools\compiler\ti-cgt-armllvm_4.0.3.LTS\lib\armv6m-ti-none-eabi\c\</path>
         <kind>archive</kind>
         <file>libc.a</file>
         <name>sprintf.c.obj</name>
      </input_file>
      <input_file id="fl-38">
         <path>D:\ti\ccs2020\ccs\tools\compiler\ti-cgt-armllvm_4.0.3.LTS\lib\armv6m-ti-none-eabi\c\</path>
         <kind>archive</kind>
         <file>libc.a</file>
         <name>fputc.c.obj</name>
      </input_file>
      <input_file id="fl-39">
         <path>D:\ti\ccs2020\ccs\tools\compiler\ti-cgt-armllvm_4.0.3.LTS\lib\armv6m-ti-none-eabi\c\</path>
         <kind>archive</kind>
         <file>libc.a</file>
         <name>fputs.c.obj</name>
      </input_file>
      <input_file id="fl-3a">
         <path>D:\ti\ccs2020\ccs\tools\compiler\ti-cgt-armllvm_4.0.3.LTS\lib\armv6m-ti-none-eabi\c\</path>
         <kind>archive</kind>
         <file>libc.a</file>
         <name>_io_perm.c.obj</name>
      </input_file>
      <input_file id="fl-3b">
         <path>D:\ti\ccs2020\ccs\tools\compiler\ti-cgt-armllvm_4.0.3.LTS\lib\armv6m-ti-none-eabi\c\</path>
         <kind>archive</kind>
         <file>libc.a</file>
         <name>setvbuf.c.obj</name>
      </input_file>
      <input_file id="fl-3c">
         <path>D:\ti\ccs2020\ccs\tools\compiler\ti-cgt-armllvm_4.0.3.LTS\lib\armv6m-ti-none-eabi\c\</path>
         <kind>archive</kind>
         <file>libc.a</file>
         <name>e_sqrt.c.obj</name>
      </input_file>
      <input_file id="fl-3d">
         <path>D:\ti\ccs2020\ccs\tools\compiler\ti-cgt-armllvm_4.0.3.LTS\lib\armv6m-ti-none-eabi\c\</path>
         <kind>archive</kind>
         <file>libc.a</file>
         <name>s_frexp.c.obj</name>
      </input_file>
      <input_file id="fl-3e">
         <path>D:\ti\ccs2020\ccs\tools\compiler\ti-cgt-armllvm_4.0.3.LTS\lib\armv6m-ti-none-eabi\c\</path>
         <kind>archive</kind>
         <file>libc.a</file>
         <name>s_scalbn.c.obj</name>
      </input_file>
      <input_file id="fl-3f">
         <path>D:\ti\ccs2020\ccs\tools\compiler\ti-cgt-armllvm_4.0.3.LTS\lib\armv6m-ti-none-eabi\c\</path>
         <kind>archive</kind>
         <file>libc.a</file>
         <name>e_sqrtf.c.obj</name>
      </input_file>
      <input_file id="fl-40">
         <path>D:\ti\ccs2020\ccs\tools\compiler\ti-cgt-armllvm_4.0.3.LTS\lib\armv6m-ti-none-eabi\c\</path>
         <kind>archive</kind>
         <file>libc.a</file>
         <name>wcslen.c.obj</name>
      </input_file>
      <input_file id="fl-41">
         <path>D:\ti\ccs2020\ccs\tools\compiler\ti-cgt-armllvm_4.0.3.LTS\lib\armv6m-ti-none-eabi\c\</path>
         <kind>archive</kind>
         <file>libc.a</file>
         <name>aeabi_portable.c.obj</name>
      </input_file>
      <input_file id="fl-42">
         <path>D:\ti\ccs2020\ccs\tools\compiler\ti-cgt-armllvm_4.0.3.LTS\lib\armv6m-ti-none-eabi\c\</path>
         <kind>archive</kind>
         <file>libc.a</file>
         <name>exit.c.obj</name>
      </input_file>
      <input_file id="fl-43">
         <path>D:\ti\ccs2020\ccs\tools\compiler\ti-cgt-armllvm_4.0.3.LTS\lib\armv6m-ti-none-eabi\c\</path>
         <kind>archive</kind>
         <file>libc.a</file>
         <name>_lock.c.obj</name>
      </input_file>
      <input_file id="fl-44">
         <path>D:\ti\ccs2020\ccs\tools\compiler\ti-cgt-armllvm_4.0.3.LTS\lib\armv6m-ti-none-eabi\c\</path>
         <kind>archive</kind>
         <file>libc.a</file>
         <name>_ltoa.c.obj</name>
      </input_file>
      <input_file id="fl-45">
         <path>D:\ti\ccs2020\ccs\tools\compiler\ti-cgt-armllvm_4.0.3.LTS\lib\armv6m-ti-none-eabi\c\</path>
         <kind>archive</kind>
         <file>libc.a</file>
         <name>assert.c.obj</name>
      </input_file>
      <input_file id="fl-46">
         <path>D:\ti\ccs2020\ccs\tools\compiler\ti-cgt-armllvm_4.0.3.LTS\lib\armv6m-ti-none-eabi\c\</path>
         <kind>archive</kind>
         <file>libc.a</file>
         <name>atoi.c.obj</name>
      </input_file>
      <input_file id="fl-47">
         <path>D:\ti\ccs2020\ccs\tools\compiler\ti-cgt-armllvm_4.0.3.LTS\lib\armv6m-ti-none-eabi\c\</path>
         <kind>archive</kind>
         <file>libc.a</file>
         <name>defs.c.obj</name>
      </input_file>
      <input_file id="fl-48">
         <path>D:\ti\ccs2020\ccs\tools\compiler\ti-cgt-armllvm_4.0.3.LTS\lib\armv6m-ti-none-eabi\c\</path>
         <kind>archive</kind>
         <file>libc.a</file>
         <name>memccpy.c.obj</name>
      </input_file>
      <input_file id="fl-49">
         <path>D:\ti\ccs2020\ccs\tools\compiler\ti-cgt-armllvm_4.0.3.LTS\lib\armv6m-ti-none-eabi\c\</path>
         <kind>archive</kind>
         <file>libc.a</file>
         <name>memory.c.obj</name>
      </input_file>
      <input_file id="fl-4a">
         <path>D:\ti\ccs2020\ccs\tools\compiler\ti-cgt-armllvm_4.0.3.LTS\lib\armv6m-ti-none-eabi\c\</path>
         <kind>archive</kind>
         <file>libc.a</file>
         <name>boot_cortex_m.c.obj</name>
      </input_file>
      <input_file id="fl-4b">
         <path>D:\ti\ccs2020\ccs\tools\compiler\ti-cgt-armllvm_4.0.3.LTS\lib\armv6m-ti-none-eabi\c\</path>
         <kind>archive</kind>
         <file>libc.a</file>
         <name>mathacl_init.c.obj</name>
      </input_file>
      <input_file id="fl-4c">
         <path>D:\ti\ccs2020\ccs\tools\compiler\ti-cgt-armllvm_4.0.3.LTS\lib\armv6m-ti-none-eabi\c\</path>
         <kind>archive</kind>
         <file>libc.a</file>
         <name>autoinit.c.obj</name>
      </input_file>
      <input_file id="fl-4d">
         <path>D:\ti\ccs2020\ccs\tools\compiler\ti-cgt-armllvm_4.0.3.LTS\lib\armv6m-ti-none-eabi\c\</path>
         <kind>archive</kind>
         <file>libc.a</file>
         <name>pre_init.c.obj</name>
      </input_file>
      <input_file id="fl-4e">
         <path>D:\ti\ccs2020\ccs\tools\compiler\ti-cgt-armllvm_4.0.3.LTS\lib\armv6m-ti-none-eabi\c\</path>
         <kind>archive</kind>
         <file>libc.a</file>
         <name>cpy_tbl.c.obj</name>
      </input_file>
      <input_file id="fl-4f">
         <path>D:\ti\ccs2020\ccs\tools\compiler\ti-cgt-armllvm_4.0.3.LTS\lib\armv6m-ti-none-eabi\c\</path>
         <kind>archive</kind>
         <file>libc.a</file>
         <name>copy_zero_init.c.obj</name>
      </input_file>
      <input_file id="fl-50">
         <path>D:\ti\ccs2020\ccs\tools\compiler\ti-cgt-armllvm_4.0.3.LTS\lib\armv6m-ti-none-eabi\c\</path>
         <kind>archive</kind>
         <file>libc.a</file>
         <name>copy_decompress_none.c.obj</name>
      </input_file>
      <input_file id="fl-51">
         <path>D:\ti\ccs2020\ccs\tools\compiler\ti-cgt-armllvm_4.0.3.LTS\lib\armv6m-ti-none-eabi\c\</path>
         <kind>archive</kind>
         <file>libc.a</file>
         <name>copy_decompress_lzss.c.obj</name>
      </input_file>
      <input_file id="fl-52">
         <path>D:\ti\ccs2020\ccs\tools\compiler\ti-cgt-armllvm_4.0.3.LTS\lib\armv6m-ti-none-eabi\c\</path>
         <kind>archive</kind>
         <file>libc.a</file>
         <name>fflush.c.obj</name>
      </input_file>
      <input_file id="fl-53">
         <path>D:\ti\ccs2020\ccs\tools\compiler\ti-cgt-armllvm_4.0.3.LTS\lib\armv6m-ti-none-eabi\c\</path>
         <kind>archive</kind>
         <file>libc.a</file>
         <name>fopen.c.obj</name>
      </input_file>
      <input_file id="fl-54">
         <path>D:\ti\ccs2020\ccs\tools\compiler\ti-cgt-armllvm_4.0.3.LTS\lib\armv6m-ti-none-eabi\c\</path>
         <kind>archive</kind>
         <file>libc.a</file>
         <name>fseek.c.obj</name>
      </input_file>
      <input_file id="fl-55">
         <path>D:\ti\ccs2020\ccs\tools\compiler\ti-cgt-armllvm_4.0.3.LTS\lib\armv6m-ti-none-eabi\c\</path>
         <kind>archive</kind>
         <file>libc.a</file>
         <name>aeabi_ctype.S.obj</name>
      </input_file>
      <input_file id="fl-56">
         <path>D:\ti\ccs2020\ccs\tools\compiler\ti-cgt-armllvm_4.0.3.LTS\lib\armv6m-ti-none-eabi\c\</path>
         <kind>archive</kind>
         <file>libc.a</file>
         <name>args_main.c.obj</name>
      </input_file>
      <input_file id="fl-57">
         <path>D:\ti\ccs2020\ccs\tools\compiler\ti-cgt-armllvm_4.0.3.LTS\lib\armv6m-ti-none-eabi\c\</path>
         <kind>archive</kind>
         <file>libc.a</file>
         <name>fclose.c.obj</name>
      </input_file>
      <input_file id="fl-f7">
         <path>D:\ti\ccs2020\ccs\tools\compiler\ti-cgt-armllvm_4.0.3.LTS\lib\armv6m-ti-none-eabi\c\</path>
         <kind>archive</kind>
         <file>libsysbm.a</file>
         <name>hostexit.c.obj</name>
      </input_file>
      <input_file id="fl-f8">
         <path>D:\ti\ccs2020\ccs\tools\compiler\ti-cgt-armllvm_4.0.3.LTS\lib\armv6m-ti-none-eabi\c\</path>
         <kind>archive</kind>
         <file>libsysbm.a</file>
         <name>write.c.obj</name>
      </input_file>
      <input_file id="fl-f9">
         <path>D:\ti\ccs2020\ccs\tools\compiler\ti-cgt-armllvm_4.0.3.LTS\lib\armv6m-ti-none-eabi\c\</path>
         <kind>archive</kind>
         <file>libsysbm.a</file>
         <name>host_device.c.obj</name>
      </input_file>
      <input_file id="fl-fa">
         <path>D:\ti\ccs2020\ccs\tools\compiler\ti-cgt-armllvm_4.0.3.LTS\lib\armv6m-ti-none-eabi\c\</path>
         <kind>archive</kind>
         <file>libsysbm.a</file>
         <name>remove.c.obj</name>
      </input_file>
      <input_file id="fl-fb">
         <path>D:\ti\ccs2020\ccs\tools\compiler\ti-cgt-armllvm_4.0.3.LTS\lib\armv6m-ti-none-eabi\c\</path>
         <kind>archive</kind>
         <file>libsysbm.a</file>
         <name>open.c.obj</name>
      </input_file>
      <input_file id="fl-fc">
         <path>D:\ti\ccs2020\ccs\tools\compiler\ti-cgt-armllvm_4.0.3.LTS\lib\armv6m-ti-none-eabi\c\</path>
         <kind>archive</kind>
         <file>libsysbm.a</file>
         <name>lseek.c.obj</name>
      </input_file>
      <input_file id="fl-fd">
         <path>D:\ti\ccs2020\ccs\tools\compiler\ti-cgt-armllvm_4.0.3.LTS\lib\armv6m-ti-none-eabi\c\</path>
         <kind>archive</kind>
         <file>libsysbm.a</file>
         <name>close.c.obj</name>
      </input_file>
      <input_file id="fl-fe">
         <path>D:\ti\ccs2020\ccs\tools\compiler\ti-cgt-armllvm_4.0.3.LTS\lib\armv6m-ti-none-eabi\c\</path>
         <kind>archive</kind>
         <file>libsysbm.a</file>
         <name>unlink.c.obj</name>
      </input_file>
      <input_file id="fl-ff">
         <path>D:\ti\ccs2020\ccs\tools\compiler\ti-cgt-armllvm_4.0.3.LTS\lib\armv6m-ti-none-eabi\c\</path>
         <kind>archive</kind>
         <file>libsysbm.a</file>
         <name>hostclose.c.obj</name>
      </input_file>
      <input_file id="fl-100">
         <path>D:\ti\ccs2020\ccs\tools\compiler\ti-cgt-armllvm_4.0.3.LTS\lib\armv6m-ti-none-eabi\c\</path>
         <kind>archive</kind>
         <file>libsysbm.a</file>
         <name>hostlseek.c.obj</name>
      </input_file>
      <input_file id="fl-101">
         <path>D:\ti\ccs2020\ccs\tools\compiler\ti-cgt-armllvm_4.0.3.LTS\lib\armv6m-ti-none-eabi\c\</path>
         <kind>archive</kind>
         <file>libsysbm.a</file>
         <name>hostopen.c.obj</name>
      </input_file>
      <input_file id="fl-102">
         <path>D:\ti\ccs2020\ccs\tools\compiler\ti-cgt-armllvm_4.0.3.LTS\lib\armv6m-ti-none-eabi\c\</path>
         <kind>archive</kind>
         <file>libsysbm.a</file>
         <name>hostread.c.obj</name>
      </input_file>
      <input_file id="fl-103">
         <path>D:\ti\ccs2020\ccs\tools\compiler\ti-cgt-armllvm_4.0.3.LTS\lib\armv6m-ti-none-eabi\c\</path>
         <kind>archive</kind>
         <file>libsysbm.a</file>
         <name>hostrename.c.obj</name>
      </input_file>
      <input_file id="fl-104">
         <path>D:\ti\ccs2020\ccs\tools\compiler\ti-cgt-armllvm_4.0.3.LTS\lib\armv6m-ti-none-eabi\c\</path>
         <kind>archive</kind>
         <file>libsysbm.a</file>
         <name>hostunlink.c.obj</name>
      </input_file>
      <input_file id="fl-105">
         <path>D:\ti\ccs2020\ccs\tools\compiler\ti-cgt-armllvm_4.0.3.LTS\lib\armv6m-ti-none-eabi\c\</path>
         <kind>archive</kind>
         <file>libsysbm.a</file>
         <name>hostwrite.c.obj</name>
      </input_file>
      <input_file id="fl-106">
         <path>D:\ti\ccs2020\ccs\tools\compiler\ti-cgt-armllvm_4.0.3.LTS\lib\armv6m-ti-none-eabi\c\</path>
         <kind>archive</kind>
         <file>libsysbm.a</file>
         <name>trgmsg.c.obj</name>
      </input_file>
      <input_file id="fl-107">
         <path>D:\ti\ccs2020\ccs\tools\compiler\ti-cgt-armllvm_4.0.3.LTS\lib\armv6m-ti-none-eabi\</path>
         <kind>archive</kind>
         <file>libclang_rt.builtins.a</file>
         <name>addsf3.S.obj</name>
      </input_file>
      <input_file id="fl-108">
         <path>D:\ti\ccs2020\ccs\tools\compiler\ti-cgt-armllvm_4.0.3.LTS\lib\armv6m-ti-none-eabi\</path>
         <kind>archive</kind>
         <file>libclang_rt.builtins.a</file>
         <name>adddf3.S.obj</name>
      </input_file>
      <input_file id="fl-109">
         <path>D:\ti\ccs2020\ccs\tools\compiler\ti-cgt-armllvm_4.0.3.LTS\lib\armv6m-ti-none-eabi\</path>
         <kind>archive</kind>
         <file>libclang_rt.builtins.a</file>
         <name>muldf3.S.obj</name>
      </input_file>
      <input_file id="fl-10a">
         <path>D:\ti\ccs2020\ccs\tools\compiler\ti-cgt-armllvm_4.0.3.LTS\lib\armv6m-ti-none-eabi\</path>
         <kind>archive</kind>
         <file>libclang_rt.builtins.a</file>
         <name>muldsi3.S.obj</name>
      </input_file>
      <input_file id="fl-10b">
         <path>D:\ti\ccs2020\ccs\tools\compiler\ti-cgt-armllvm_4.0.3.LTS\lib\armv6m-ti-none-eabi\</path>
         <kind>archive</kind>
         <file>libclang_rt.builtins.a</file>
         <name>mulsf3.S.obj</name>
      </input_file>
      <input_file id="fl-10c">
         <path>D:\ti\ccs2020\ccs\tools\compiler\ti-cgt-armllvm_4.0.3.LTS\lib\armv6m-ti-none-eabi\</path>
         <kind>archive</kind>
         <file>libclang_rt.builtins.a</file>
         <name>divsf3.S.obj</name>
      </input_file>
      <input_file id="fl-10d">
         <path>D:\ti\ccs2020\ccs\tools\compiler\ti-cgt-armllvm_4.0.3.LTS\lib\armv6m-ti-none-eabi\</path>
         <kind>archive</kind>
         <file>libclang_rt.builtins.a</file>
         <name>divdf3.S.obj</name>
      </input_file>
      <input_file id="fl-10e">
         <path>D:\ti\ccs2020\ccs\tools\compiler\ti-cgt-armllvm_4.0.3.LTS\lib\armv6m-ti-none-eabi\</path>
         <kind>archive</kind>
         <file>libclang_rt.builtins.a</file>
         <name>extendsfdf2.S.obj</name>
      </input_file>
      <input_file id="fl-10f">
         <path>D:\ti\ccs2020\ccs\tools\compiler\ti-cgt-armllvm_4.0.3.LTS\lib\armv6m-ti-none-eabi\</path>
         <kind>archive</kind>
         <file>libclang_rt.builtins.a</file>
         <name>fixdfsi.S.obj</name>
      </input_file>
      <input_file id="fl-110">
         <path>D:\ti\ccs2020\ccs\tools\compiler\ti-cgt-armllvm_4.0.3.LTS\lib\armv6m-ti-none-eabi\</path>
         <kind>archive</kind>
         <file>libclang_rt.builtins.a</file>
         <name>fixunssfsi.S.obj</name>
      </input_file>
      <input_file id="fl-111">
         <path>D:\ti\ccs2020\ccs\tools\compiler\ti-cgt-armllvm_4.0.3.LTS\lib\armv6m-ti-none-eabi\</path>
         <kind>archive</kind>
         <file>libclang_rt.builtins.a</file>
         <name>floatsidf.S.obj</name>
      </input_file>
      <input_file id="fl-112">
         <path>D:\ti\ccs2020\ccs\tools\compiler\ti-cgt-armllvm_4.0.3.LTS\lib\armv6m-ti-none-eabi\</path>
         <kind>archive</kind>
         <file>libclang_rt.builtins.a</file>
         <name>floatsisf.S.obj</name>
      </input_file>
      <input_file id="fl-113">
         <path>D:\ti\ccs2020\ccs\tools\compiler\ti-cgt-armllvm_4.0.3.LTS\lib\armv6m-ti-none-eabi\</path>
         <kind>archive</kind>
         <file>libclang_rt.builtins.a</file>
         <name>floatunsidf.S.obj</name>
      </input_file>
      <input_file id="fl-114">
         <path>D:\ti\ccs2020\ccs\tools\compiler\ti-cgt-armllvm_4.0.3.LTS\lib\armv6m-ti-none-eabi\</path>
         <kind>archive</kind>
         <file>libclang_rt.builtins.a</file>
         <name>floatunsisf.S.obj</name>
      </input_file>
      <input_file id="fl-115">
         <path>D:\ti\ccs2020\ccs\tools\compiler\ti-cgt-armllvm_4.0.3.LTS\lib\armv6m-ti-none-eabi\</path>
         <kind>archive</kind>
         <file>libclang_rt.builtins.a</file>
         <name>muldi3.S.obj</name>
      </input_file>
      <input_file id="fl-116">
         <path>D:\ti\ccs2020\ccs\tools\compiler\ti-cgt-armllvm_4.0.3.LTS\lib\armv6m-ti-none-eabi\</path>
         <kind>archive</kind>
         <file>libclang_rt.builtins.a</file>
         <name>truncdfsf2.S.obj</name>
      </input_file>
      <input_file id="fl-117">
         <path>D:\ti\ccs2020\ccs\tools\compiler\ti-cgt-armllvm_4.0.3.LTS\lib\armv6m-ti-none-eabi\</path>
         <kind>archive</kind>
         <file>libclang_rt.builtins.a</file>
         <name>aeabi_dcmp.S.obj</name>
      </input_file>
      <input_file id="fl-118">
         <path>D:\ti\ccs2020\ccs\tools\compiler\ti-cgt-armllvm_4.0.3.LTS\lib\armv6m-ti-none-eabi\</path>
         <kind>archive</kind>
         <file>libclang_rt.builtins.a</file>
         <name>aeabi_fcmp.S.obj</name>
      </input_file>
      <input_file id="fl-119">
         <path>D:\ti\ccs2020\ccs\tools\compiler\ti-cgt-armllvm_4.0.3.LTS\lib\armv6m-ti-none-eabi\</path>
         <kind>archive</kind>
         <file>libclang_rt.builtins.a</file>
         <name>aeabi_idivmod.S.obj</name>
      </input_file>
      <input_file id="fl-11a">
         <path>D:\ti\ccs2020\ccs\tools\compiler\ti-cgt-armllvm_4.0.3.LTS\lib\armv6m-ti-none-eabi\</path>
         <kind>archive</kind>
         <file>libclang_rt.builtins.a</file>
         <name>aeabi_memcpy.S.obj</name>
      </input_file>
      <input_file id="fl-11b">
         <path>D:\ti\ccs2020\ccs\tools\compiler\ti-cgt-armllvm_4.0.3.LTS\lib\armv6m-ti-none-eabi\</path>
         <kind>archive</kind>
         <file>libclang_rt.builtins.a</file>
         <name>aeabi_memset.S.obj</name>
      </input_file>
      <input_file id="fl-11c">
         <path>D:\ti\ccs2020\ccs\tools\compiler\ti-cgt-armllvm_4.0.3.LTS\lib\armv6m-ti-none-eabi\</path>
         <kind>archive</kind>
         <file>libclang_rt.builtins.a</file>
         <name>aeabi_uidivmod.S.obj</name>
      </input_file>
      <input_file id="fl-11d">
         <path>D:\ti\ccs2020\ccs\tools\compiler\ti-cgt-armllvm_4.0.3.LTS\lib\armv6m-ti-none-eabi\</path>
         <kind>archive</kind>
         <file>libclang_rt.builtins.a</file>
         <name>aeabi_uldivmod.S.obj</name>
      </input_file>
      <input_file id="fl-11e">
         <path>D:\ti\ccs2020\ccs\tools\compiler\ti-cgt-armllvm_4.0.3.LTS\lib\armv6m-ti-none-eabi\</path>
         <kind>archive</kind>
         <file>libclang_rt.builtins.a</file>
         <name>comparesf2.S.obj</name>
      </input_file>
      <input_file id="fl-11f">
         <path>D:\ti\ccs2020\ccs\tools\compiler\ti-cgt-armllvm_4.0.3.LTS\lib\armv6m-ti-none-eabi\</path>
         <kind>archive</kind>
         <file>libclang_rt.builtins.a</file>
         <name>udivmoddi4.S.obj</name>
      </input_file>
      <input_file id="fl-120">
         <path>D:\ti\ccs2020\ccs\tools\compiler\ti-cgt-armllvm_4.0.3.LTS\lib\armv6m-ti-none-eabi\</path>
         <kind>archive</kind>
         <file>libclang_rt.builtins.a</file>
         <name>ashldi3.S.obj</name>
      </input_file>
      <input_file id="fl-121">
         <path>D:\ti\ccs2020\ccs\tools\compiler\ti-cgt-armllvm_4.0.3.LTS\lib\armv6m-ti-none-eabi\</path>
         <kind>archive</kind>
         <file>libclang_rt.builtins.a</file>
         <name>fixsfsi.S.obj</name>
      </input_file>
      <input_file id="fl-122">
         <path>D:\ti\ccs2020\ccs\tools\compiler\ti-cgt-armllvm_4.0.3.LTS\lib\armv6m-ti-none-eabi\</path>
         <kind>archive</kind>
         <file>libclang_rt.builtins.a</file>
         <name>comparedf2.c.obj</name>
      </input_file>
      <input_file id="fl-123">
         <path>D:\ti\ccs2020\ccs\tools\compiler\ti-cgt-armllvm_4.0.3.LTS\lib\armv6m-ti-none-eabi\</path>
         <kind>archive</kind>
         <file>libclang_rt.builtins.a</file>
         <name>aeabi_div0.c.obj</name>
      </input_file>
      <input_file id="fl-124">
         <path>D:\ti\ccs2020\ccs\tools\compiler\ti-cgt-armllvm_4.0.3.LTS\lib\armv6m-ti-none-eabi\c\</path>
         <kind>archive</kind>
         <file>libc.a</file>
         <name>getdevice.c.obj</name>
      </input_file>
      <input_file id="fl-125">
         <path>D:\ti\ccs2020\ccs\tools\compiler\ti-cgt-armllvm_4.0.3.LTS\lib\armv6m-ti-none-eabi\c\</path>
         <kind>archive</kind>
         <file>libc.a</file>
         <name>memcpy16.S.obj</name>
      </input_file>
      <input_file id="fl-126">
         <path>D:\ti\ccs2020\ccs\tools\compiler\ti-cgt-armllvm_4.0.3.LTS\lib\armv6m-ti-none-eabi\c\</path>
         <kind>archive</kind>
         <file>libc.a</file>
         <name>memset16.S.obj</name>
      </input_file>
      <input_file id="fl-127">
         <path>D:\ti\ccs2020\ccs\tools\compiler\ti-cgt-armllvm_4.0.3.LTS\lib\armv6m-ti-none-eabi\c\</path>
         <kind>archive</kind>
         <file>libc.a</file>
         <name>strcmp-armv6m.S.obj</name>
      </input_file>
   </input_file_list>
   <object_component_list>
      <object_component id="oc-18">
         <name>.intvecs</name>
         <load_address>0x0</load_address>
         <readonly>true</readonly>
         <run_address>0x0</run_address>
         <size>0xc0</size>
         <alignment>0x4</alignment>
         <input_file_ref idref="fl-3"/>
      </object_component>
      <object_component id="oc-16f">
         <name>.text:__TI_printfi</name>
         <load_address>0x9840</load_address>
         <readonly>true</readonly>
         <executable>true</executable>
         <run_address>0x9840</run_address>
         <size>0x9d0</size>
         <alignment>0x4</alignment>
         <input_file_ref idref="fl-36"/>
      </object_component>
      <object_component id="oc-bd">
         <name>.text.main</name>
         <load_address>0xa210</load_address>
         <readonly>true</readonly>
         <executable>true</executable>
         <run_address>0xa210</run_address>
         <size>0x41c</size>
         <alignment>0x4</alignment>
         <input_file_ref idref="fl-1"/>
      </object_component>
      <object_component id="oc-288">
         <name>.text.arm_radix4_butterfly_inverse_f32</name>
         <load_address>0xa62c</load_address>
         <readonly>true</readonly>
         <executable>true</executable>
         <run_address>0xa62c</run_address>
         <size>0x3bc</size>
         <alignment>0x2</alignment>
         <input_file_ref idref="fl-14"/>
      </object_component>
      <object_component id="oc-289">
         <name>.text.arm_radix4_butterfly_f32</name>
         <load_address>0xa9e8</load_address>
         <readonly>true</readonly>
         <executable>true</executable>
         <run_address>0xa9e8</run_address>
         <size>0x268</size>
         <alignment>0x2</alignment>
         <input_file_ref idref="fl-14"/>
      </object_component>
      <object_component id="oc-11b">
         <name>.text.Do_FTT</name>
         <load_address>0xac50</load_address>
         <readonly>true</readonly>
         <executable>true</executable>
         <run_address>0xac50</run_address>
         <size>0x250</size>
         <alignment>0x4</alignment>
         <input_file_ref idref="fl-1"/>
      </object_component>
      <object_component id="oc-1f6">
         <name>.text._pconv_a</name>
         <load_address>0xaea0</load_address>
         <readonly>true</readonly>
         <executable>true</executable>
         <run_address>0xaea0</run_address>
         <size>0x220</size>
         <alignment>0x4</alignment>
         <input_file_ref idref="fl-36"/>
      </object_component>
      <object_component id="oc-1f7">
         <name>.text._pconv_g</name>
         <load_address>0xb0c0</load_address>
         <readonly>true</readonly>
         <executable>true</executable>
         <run_address>0xb0c0</run_address>
         <size>0x1dc</size>
         <alignment>0x4</alignment>
         <input_file_ref idref="fl-36"/>
      </object_component>
      <object_component id="oc-159">
         <name>.text.adddf3_subdf3</name>
         <load_address>0xb29c</load_address>
         <readonly>true</readonly>
         <executable>true</executable>
         <run_address>0xb29c</run_address>
         <size>0x192</size>
         <alignment>0x4</alignment>
         <input_file_ref idref="fl-108"/>
      </object_component>
      <object_component id="oc-27c">
         <name>.text.__aeabi_idiv0</name>
         <load_address>0xb42e</load_address>
         <readonly>true</readonly>
         <executable>true</executable>
         <run_address>0xb42e</run_address>
         <size>0x2</size>
         <alignment>0x2</alignment>
         <input_file_ref idref="fl-123"/>
      </object_component>
      <object_component id="oc-129">
         <name>.text.detect_audio_match</name>
         <load_address>0xb430</load_address>
         <readonly>true</readonly>
         <executable>true</executable>
         <run_address>0xb430</run_address>
         <size>0x18c</size>
         <alignment>0x4</alignment>
         <input_file_ref idref="fl-1"/>
      </object_component>
      <object_component id="oc-3b">
         <name>.text.TIMA0_IRQHandler</name>
         <load_address>0xb5bc</load_address>
         <readonly>true</readonly>
         <executable>true</executable>
         <run_address>0xb5bc</run_address>
         <size>0x174</size>
         <alignment>0x4</alignment>
         <input_file_ref idref="fl-1"/>
      </object_component>
      <object_component id="oc-d8">
         <name>.text.sqrt</name>
         <load_address>0xb730</load_address>
         <readonly>true</readonly>
         <executable>true</executable>
         <run_address>0xb730</run_address>
         <size>0x170</size>
         <alignment>0x4</alignment>
         <input_file_ref idref="fl-3c"/>
      </object_component>
      <object_component id="oc-1a5">
         <name>.text.arm_cmplx_mag_f32</name>
         <load_address>0xb8a0</load_address>
         <readonly>true</readonly>
         <executable>true</executable>
         <run_address>0xb8a0</run_address>
         <size>0x168</size>
         <alignment>0x2</alignment>
         <input_file_ref idref="fl-13"/>
      </object_component>
      <object_component id="oc-178">
         <name>.text.SYSCFG_DL_initPower</name>
         <load_address>0xba08</load_address>
         <readonly>true</readonly>
         <executable>true</executable>
         <run_address>0xba08</run_address>
         <size>0x140</size>
         <alignment>0x4</alignment>
         <input_file_ref idref="fl-2"/>
      </object_component>
      <object_component id="oc-2e4">
         <name>.text.fcvt</name>
         <load_address>0xbb48</load_address>
         <readonly>true</readonly>
         <executable>true</executable>
         <run_address>0xbb48</run_address>
         <size>0x13c</size>
         <alignment>0x4</alignment>
         <input_file_ref idref="fl-36"/>
      </object_component>
      <object_component id="oc-3c">
         <name>.text.I2C0_IRQHandler</name>
         <load_address>0xbc84</load_address>
         <readonly>true</readonly>
         <executable>true</executable>
         <run_address>0xbc84</run_address>
         <size>0x12c</size>
         <alignment>0x4</alignment>
         <input_file_ref idref="fl-4"/>
      </object_component>
      <object_component id="oc-1f9">
         <name>.text._pconv_e</name>
         <load_address>0xbdb0</load_address>
         <readonly>true</readonly>
         <executable>true</executable>
         <run_address>0xbdb0</run_address>
         <size>0x120</size>
         <alignment>0x4</alignment>
         <input_file_ref idref="fl-36"/>
      </object_component>
      <object_component id="oc-1c0">
         <name>.text.OLED_ShowChar</name>
         <load_address>0xbed0</load_address>
         <readonly>true</readonly>
         <executable>true</executable>
         <run_address>0xbed0</run_address>
         <size>0x118</size>
         <alignment>0x4</alignment>
         <input_file_ref idref="fl-4"/>
      </object_component>
      <object_component id="oc-369">
         <name>.text.aligned_alloc</name>
         <load_address>0xbfe8</load_address>
         <readonly>true</readonly>
         <executable>true</executable>
         <run_address>0xbfe8</run_address>
         <size>0x114</size>
         <alignment>0x4</alignment>
         <input_file_ref idref="fl-49"/>
      </object_component>
      <object_component id="oc-83">
         <name>.text.__divdf3</name>
         <load_address>0xc0fc</load_address>
         <readonly>true</readonly>
         <executable>true</executable>
         <run_address>0xc0fc</run_address>
         <size>0x10c</size>
         <alignment>0x4</alignment>
         <input_file_ref idref="fl-10d"/>
      </object_component>
      <object_component id="oc-10f">
         <name>.text.OLED_Init</name>
         <load_address>0xc208</load_address>
         <readonly>true</readonly>
         <executable>true</executable>
         <run_address>0xc208</run_address>
         <size>0x100</size>
         <alignment>0x2</alignment>
         <input_file_ref idref="fl-4"/>
      </object_component>
      <object_component id="oc-2a3">
         <name>.text.fputs</name>
         <load_address>0xc308</load_address>
         <readonly>true</readonly>
         <executable>true</executable>
         <run_address>0xc308</run_address>
         <size>0xf8</size>
         <alignment>0x4</alignment>
         <input_file_ref idref="fl-39"/>
      </object_component>
      <object_component id="oc-126">
         <name>.text.OLED_ShowNum</name>
         <load_address>0xc400</load_address>
         <readonly>true</readonly>
         <executable>true</executable>
         <run_address>0xc400</run_address>
         <size>0xf6</size>
         <alignment>0x2</alignment>
         <input_file_ref idref="fl-4"/>
      </object_component>
      <object_component id="oc-31c">
         <name>.text.__aeabi_ldiv0</name>
         <load_address>0xc4f6</load_address>
         <readonly>true</readonly>
         <executable>true</executable>
         <run_address>0xc4f6</run_address>
         <size>0x2</size>
         <alignment>0x2</alignment>
         <input_file_ref idref="fl-123"/>
      </object_component>
      <object_component id="oc-228">
         <name>.text.DL_Timer_initTimerMode</name>
         <load_address>0xc4f8</load_address>
         <readonly>true</readonly>
         <executable>true</executable>
         <run_address>0xc4f8</run_address>
         <size>0xe8</size>
         <alignment>0x4</alignment>
         <input_file_ref idref="fl-1c"/>
      </object_component>
      <object_component id="oc-34b">
         <name>.text.free</name>
         <load_address>0xc5e0</load_address>
         <readonly>true</readonly>
         <executable>true</executable>
         <run_address>0xc5e0</run_address>
         <size>0xe8</size>
         <alignment>0x4</alignment>
         <input_file_ref idref="fl-49"/>
      </object_component>
      <object_component id="oc-dc">
         <name>.text.__muldf3</name>
         <load_address>0xc6c8</load_address>
         <readonly>true</readonly>
         <executable>true</executable>
         <run_address>0xc6c8</run_address>
         <size>0xe4</size>
         <alignment>0x4</alignment>
         <input_file_ref idref="fl-109"/>
      </object_component>
      <object_component id="oc-220">
         <name>.text.DL_Timer_initCaptureCombinedMode</name>
         <load_address>0xc7ac</load_address>
         <readonly>true</readonly>
         <executable>true</executable>
         <run_address>0xc7ac</run_address>
         <size>0xe0</size>
         <alignment>0x4</alignment>
         <input_file_ref idref="fl-1c"/>
      </object_component>
      <object_component id="oc-339">
         <name>.text.setvbuf</name>
         <load_address>0xc88c</load_address>
         <readonly>true</readonly>
         <executable>true</executable>
         <run_address>0xc88c</run_address>
         <size>0xe0</size>
         <alignment>0x4</alignment>
         <input_file_ref idref="fl-3b"/>
      </object_component>
      <object_component id="oc-193">
         <name>.text.OLED_WR_Byte</name>
         <load_address>0xc96c</load_address>
         <readonly>true</readonly>
         <executable>true</executable>
         <run_address>0xc96c</run_address>
         <size>0xdc</size>
         <alignment>0x4</alignment>
         <input_file_ref idref="fl-4"/>
      </object_component>
      <object_component id="oc-65">
         <name>.text.calculateRMS</name>
         <load_address>0xca48</load_address>
         <readonly>true</readonly>
         <executable>true</executable>
         <run_address>0xca48</run_address>
         <size>0xd8</size>
         <alignment>0x4</alignment>
         <input_file_ref idref="fl-1"/>
      </object_component>
      <object_component id="oc-2d3">
         <name>.text.scalbn</name>
         <load_address>0xcb20</load_address>
         <readonly>true</readonly>
         <executable>true</executable>
         <run_address>0xcb20</run_address>
         <size>0xd8</size>
         <alignment>0x4</alignment>
         <input_file_ref idref="fl-3e"/>
      </object_component>
      <object_component id="oc-d0">
         <name>.text</name>
         <load_address>0xcbf8</load_address>
         <readonly>true</readonly>
         <executable>true</executable>
         <run_address>0xcbf8</run_address>
         <size>0xd8</size>
         <alignment>0x4</alignment>
         <input_file_ref idref="fl-107"/>
      </object_component>
      <object_component id="oc-128">
         <name>.text.determineWaveformType</name>
         <load_address>0xccd0</load_address>
         <readonly>true</readonly>
         <executable>true</executable>
         <run_address>0xccd0</run_address>
         <size>0xcc</size>
         <alignment>0x4</alignment>
         <input_file_ref idref="fl-1"/>
      </object_component>
      <object_component id="oc-66">
         <name>.text.calculatePeakToPeak</name>
         <load_address>0xcd9c</load_address>
         <readonly>true</readonly>
         <executable>true</executable>
         <run_address>0xcd9c</run_address>
         <size>0xb8</size>
         <alignment>0x4</alignment>
         <input_file_ref idref="fl-1"/>
      </object_component>
      <object_component id="oc-179">
         <name>.text.SYSCFG_DL_GPIO_init</name>
         <load_address>0xce54</load_address>
         <readonly>true</readonly>
         <executable>true</executable>
         <run_address>0xce54</run_address>
         <size>0xb0</size>
         <alignment>0x4</alignment>
         <input_file_ref idref="fl-2"/>
      </object_component>
      <object_component id="oc-112">
         <name>.text.OLED_ShowChinese</name>
         <load_address>0xcf04</load_address>
         <readonly>true</readonly>
         <executable>true</executable>
         <run_address>0xcf04</run_address>
         <size>0xa8</size>
         <alignment>0x4</alignment>
         <input_file_ref idref="fl-4"/>
      </object_component>
      <object_component id="oc-110">
         <name>.text.OLED_DrawBMP</name>
         <load_address>0xcfac</load_address>
         <readonly>true</readonly>
         <executable>true</executable>
         <run_address>0xcfac</run_address>
         <size>0xa4</size>
         <alignment>0x2</alignment>
         <input_file_ref idref="fl-4"/>
      </object_component>
      <object_component id="oc-2ca">
         <name>.text</name>
         <load_address>0xd050</load_address>
         <readonly>true</readonly>
         <executable>true</executable>
         <run_address>0xd050</run_address>
         <size>0xa2</size>
         <alignment>0x4</alignment>
         <input_file_ref idref="fl-11f"/>
      </object_component>
      <object_component id="oc-29a">
         <name>.text._nop</name>
         <load_address>0xd0f2</load_address>
         <readonly>true</readonly>
         <executable>true</executable>
         <run_address>0xd0f2</run_address>
         <size>0x2</size>
         <alignment>0x2</alignment>
         <input_file_ref idref="fl-43"/>
      </object_component>
      <object_component id="oc-225">
         <name>.text.DL_Timer_initCompareMode</name>
         <load_address>0xd0f4</load_address>
         <readonly>true</readonly>
         <executable>true</executable>
         <run_address>0xd0f4</run_address>
         <size>0xa0</size>
         <alignment>0x4</alignment>
         <input_file_ref idref="fl-1c"/>
      </object_component>
      <object_component id="oc-292">
         <name>.text.sqrtf</name>
         <load_address>0xd194</load_address>
         <readonly>true</readonly>
         <executable>true</executable>
         <run_address>0xd194</run_address>
         <size>0xa0</size>
         <alignment>0x4</alignment>
         <input_file_ref idref="fl-3f"/>
      </object_component>
      <object_component id="oc-183">
         <name>.text.SYSCFG_DL_ADC12_1_init</name>
         <load_address>0xd234</load_address>
         <readonly>true</readonly>
         <executable>true</executable>
         <run_address>0xd234</run_address>
         <size>0x9c</size>
         <alignment>0x4</alignment>
         <input_file_ref idref="fl-2"/>
      </object_component>
      <object_component id="oc-28a">
         <name>.text.arm_bitreversal_f32</name>
         <load_address>0xd2d0</load_address>
         <readonly>true</readonly>
         <executable>true</executable>
         <run_address>0xd2d0</run_address>
         <size>0x9c</size>
         <alignment>0x2</alignment>
         <input_file_ref idref="fl-17"/>
      </object_component>
      <object_component id="oc-2a9">
         <name>.text.fputc</name>
         <load_address>0xd36c</load_address>
         <readonly>true</readonly>
         <executable>true</executable>
         <run_address>0xd36c</run_address>
         <size>0x9c</size>
         <alignment>0x4</alignment>
         <input_file_ref idref="fl-38"/>
      </object_component>
      <object_component id="oc-182">
         <name>.text.SYSCFG_DL_ADC12_0_init</name>
         <load_address>0xd408</load_address>
         <readonly>true</readonly>
         <executable>true</executable>
         <run_address>0xd408</run_address>
         <size>0x98</size>
         <alignment>0x4</alignment>
         <input_file_ref idref="fl-2"/>
      </object_component>
      <object_component id="oc-d4">
         <name>.text.__mulsf3</name>
         <load_address>0xd4a0</load_address>
         <readonly>true</readonly>
         <executable>true</executable>
         <run_address>0xd4a0</run_address>
         <size>0x8c</size>
         <alignment>0x4</alignment>
         <input_file_ref idref="fl-10b"/>
      </object_component>
      <object_component id="oc-33">
         <name>.text.Default_Handler</name>
         <load_address>0xd52c</load_address>
         <readonly>true</readonly>
         <executable>true</executable>
         <run_address>0xd52c</run_address>
         <size>0x4</size>
         <alignment>0x2</alignment>
         <input_file_ref idref="fl-3"/>
      </object_component>
      <object_component id="oc-3d9">
         <name>.text:strcmp</name>
         <load_address>0xd530</load_address>
         <readonly>true</readonly>
         <executable>true</executable>
         <run_address>0xd530</run_address>
         <size>0x88</size>
         <alignment>0x10</alignment>
         <input_file_ref idref="fl-127"/>
      </object_component>
      <object_component id="oc-25b">
         <name>.text.__NVIC_SetPriority</name>
         <load_address>0xd5b8</load_address>
         <readonly>true</readonly>
         <executable>true</executable>
         <run_address>0xd5b8</run_address>
         <size>0x84</size>
         <alignment>0x4</alignment>
         <input_file_ref idref="fl-2"/>
      </object_component>
      <object_component id="oc-19b">
         <name>.text.arm_cfft_radix4_init_f32</name>
         <load_address>0xd63c</load_address>
         <readonly>true</readonly>
         <executable>true</executable>
         <run_address>0xd63c</run_address>
         <size>0x84</size>
         <alignment>0x4</alignment>
         <input_file_ref idref="fl-15"/>
      </object_component>
      <object_component id="oc-c8">
         <name>.text.__divsf3</name>
         <load_address>0xd6c0</load_address>
         <readonly>true</readonly>
         <executable>true</executable>
         <run_address>0xd6c0</run_address>
         <size>0x82</size>
         <alignment>0x4</alignment>
         <input_file_ref idref="fl-10c"/>
      </object_component>
      <object_component id="oc-36a">
         <name>.text.__TI_closefile</name>
         <load_address>0xd744</load_address>
         <readonly>true</readonly>
         <executable>true</executable>
         <run_address>0xd744</run_address>
         <size>0x7c</size>
         <alignment>0x4</alignment>
         <input_file_ref idref="fl-57"/>
      </object_component>
      <object_component id="oc-1c">
         <name>.text:decompress:lzss</name>
         <load_address>0xd7c0</load_address>
         <readonly>true</readonly>
         <executable>true</executable>
         <run_address>0xd7c0</run_address>
         <size>0x7c</size>
         <alignment>0x4</alignment>
         <input_file_ref idref="fl-51"/>
      </object_component>
      <object_component id="oc-107">
         <name>.text.SYSCFG_DL_init</name>
         <load_address>0xd83c</load_address>
         <readonly>true</readonly>
         <executable>true</executable>
         <run_address>0xd83c</run_address>
         <size>0x78</size>
         <alignment>0x4</alignment>
         <input_file_ref idref="fl-2"/>
      </object_component>
      <object_component id="oc-2b8">
         <name>.text.__gedf2</name>
         <load_address>0xd8b4</load_address>
         <readonly>true</readonly>
         <executable>true</executable>
         <run_address>0xd8b4</run_address>
         <size>0x74</size>
         <alignment>0x4</alignment>
         <input_file_ref idref="fl-122"/>
      </object_component>
      <object_component id="oc-15d">
         <name>.text.__aeabi_errno_addr</name>
         <load_address>0xd928</load_address>
         <readonly>true</readonly>
         <executable>true</executable>
         <run_address>0xd928</run_address>
         <size>0x8</size>
         <alignment>0x4</alignment>
         <input_file_ref idref="fl-41"/>
      </object_component>
      <object_component id="oc-e0">
         <name>.text.__truncdfsf2</name>
         <load_address>0xd930</load_address>
         <readonly>true</readonly>
         <executable>true</executable>
         <run_address>0xd930</run_address>
         <size>0x74</size>
         <alignment>0x10</alignment>
         <input_file_ref idref="fl-116"/>
      </object_component>
      <object_component id="oc-127">
         <name>.text.OLED_ShowString</name>
         <load_address>0xd9a4</load_address>
         <readonly>true</readonly>
         <executable>true</executable>
         <run_address>0xd9a4</run_address>
         <size>0x70</size>
         <alignment>0x2</alignment>
         <input_file_ref idref="fl-4"/>
      </object_component>
      <object_component id="oc-383">
         <name>.text.HOSTlseek</name>
         <load_address>0xda14</load_address>
         <readonly>true</readonly>
         <executable>true</executable>
         <run_address>0xda14</run_address>
         <size>0x6c</size>
         <alignment>0x4</alignment>
         <input_file_ref idref="fl-100"/>
      </object_component>
      <object_component id="oc-38b">
         <name>.text.HOSTrename</name>
         <load_address>0xda80</load_address>
         <readonly>true</readonly>
         <executable>true</executable>
         <run_address>0xda80</run_address>
         <size>0x6c</size>
         <alignment>0x4</alignment>
         <input_file_ref idref="fl-103"/>
      </object_component>
      <object_component id="oc-348">
         <name>.text.fseeko</name>
         <load_address>0xdaec</load_address>
         <readonly>true</readonly>
         <executable>true</executable>
         <run_address>0xdaec</run_address>
         <size>0x6c</size>
         <alignment>0x4</alignment>
         <input_file_ref idref="fl-54"/>
      </object_component>
      <object_component id="oc-3cd">
         <name>.text.getdevice</name>
         <load_address>0xdb58</load_address>
         <readonly>true</readonly>
         <executable>true</executable>
         <run_address>0xdb58</run_address>
         <size>0x6c</size>
         <alignment>0x4</alignment>
         <input_file_ref idref="fl-124"/>
      </object_component>
      <object_component id="oc-111">
         <name>.text.OLED_Clear</name>
         <load_address>0xdbc4</load_address>
         <readonly>true</readonly>
         <executable>true</executable>
         <run_address>0xdbc4</run_address>
         <size>0x6a</size>
         <alignment>0x2</alignment>
         <input_file_ref idref="fl-4"/>
      </object_component>
      <object_component id="oc-3a">
         <name>.text.TIMG0_IRQHandler</name>
         <load_address>0xdc30</load_address>
         <readonly>true</readonly>
         <executable>true</executable>
         <run_address>0xdc30</run_address>
         <size>0x68</size>
         <alignment>0x4</alignment>
         <input_file_ref idref="fl-1"/>
      </object_component>
      <object_component id="oc-2b2">
         <name>.text.__ledf2</name>
         <load_address>0xdc98</load_address>
         <readonly>true</readonly>
         <executable>true</executable>
         <run_address>0xdc98</run_address>
         <size>0x68</size>
         <alignment>0x4</alignment>
         <input_file_ref idref="fl-122"/>
      </object_component>
      <object_component id="oc-2e3">
         <name>.text._mcpy</name>
         <load_address>0xdd00</load_address>
         <readonly>true</readonly>
         <executable>true</executable>
         <run_address>0xdd00</run_address>
         <size>0x66</size>
         <alignment>0x2</alignment>
         <input_file_ref idref="fl-36"/>
      </object_component>
      <object_component id="oc-180">
         <name>.text.SYSCFG_DL_I2C_OLED_init</name>
         <load_address>0xdd68</load_address>
         <readonly>true</readonly>
         <executable>true</executable>
         <run_address>0xdd68</run_address>
         <size>0x64</size>
         <alignment>0x4</alignment>
         <input_file_ref idref="fl-2"/>
      </object_component>
      <object_component id="oc-306">
         <name>.text.__TI_wrt_ok</name>
         <load_address>0xddcc</load_address>
         <readonly>true</readonly>
         <executable>true</executable>
         <run_address>0xddcc</run_address>
         <size>0x64</size>
         <alignment>0x2</alignment>
         <input_file_ref idref="fl-3a"/>
      </object_component>
      <object_component id="oc-395">
         <name>.text.split</name>
         <load_address>0xde30</load_address>
         <readonly>true</readonly>
         <executable>true</executable>
         <run_address>0xde30</run_address>
         <size>0x64</size>
         <alignment>0x4</alignment>
         <input_file_ref idref="fl-49"/>
      </object_component>
      <object_component id="oc-1c1">
         <name>.text.__aeabi_dcmp</name>
         <load_address>0xde94</load_address>
         <readonly>true</readonly>
         <executable>true</executable>
         <run_address>0xde94</run_address>
         <size>0x62</size>
         <alignment>0x4</alignment>
         <input_file_ref idref="fl-117"/>
      </object_component>
      <object_component id="oc-87">
         <name>.text.__aeabi_fcmp</name>
         <load_address>0xdef8</load_address>
         <readonly>true</readonly>
         <executable>true</executable>
         <run_address>0xdef8</run_address>
         <size>0x62</size>
         <alignment>0x4</alignment>
         <input_file_ref idref="fl-118"/>
      </object_component>
      <object_component id="oc-373">
         <name>.text.HOSTopen</name>
         <load_address>0xdf5c</load_address>
         <readonly>true</readonly>
         <executable>true</executable>
         <run_address>0xdf5c</run_address>
         <size>0x60</size>
         <alignment>0x4</alignment>
         <input_file_ref idref="fl-101"/>
      </object_component>
      <object_component id="oc-a1">
         <name>.text.DL_I2C_fillControllerTXFIFO</name>
         <load_address>0xdfbc</load_address>
         <readonly>true</readonly>
         <executable>true</executable>
         <run_address>0xdfbc</run_address>
         <size>0x5e</size>
         <alignment>0x2</alignment>
         <input_file_ref idref="fl-1b"/>
      </object_component>
      <object_component id="oc-34">
         <name>.text.ADC0_IRQHandler</name>
         <load_address>0xe01c</load_address>
         <readonly>true</readonly>
         <executable>true</executable>
         <run_address>0xe01c</run_address>
         <size>0x5c</size>
         <alignment>0x4</alignment>
         <input_file_ref idref="fl-1"/>
      </object_component>
      <object_component id="oc-2cf">
         <name>.text.frexp</name>
         <load_address>0xe078</load_address>
         <readonly>true</readonly>
         <executable>true</executable>
         <run_address>0xe078</run_address>
         <size>0x5c</size>
         <alignment>0x4</alignment>
         <input_file_ref idref="fl-3d"/>
      </object_component>
      <object_component id="oc-11c">
         <name>.text.printf</name>
         <load_address>0xe0d4</load_address>
         <readonly>true</readonly>
         <executable>true</executable>
         <run_address>0xe0d4</run_address>
         <size>0x5c</size>
         <alignment>0x4</alignment>
         <input_file_ref idref="fl-35"/>
      </object_component>
      <object_component id="oc-37b">
         <name>.text.HOSTread</name>
         <load_address>0xe130</load_address>
         <readonly>true</readonly>
         <executable>true</executable>
         <run_address>0xe130</run_address>
         <size>0x58</size>
         <alignment>0x4</alignment>
         <input_file_ref idref="fl-102"/>
      </object_component>
      <object_component id="oc-37f">
         <name>.text.HOSTwrite</name>
         <load_address>0xe188</load_address>
         <readonly>true</readonly>
         <executable>true</executable>
         <run_address>0xe188</run_address>
         <size>0x58</size>
         <alignment>0x4</alignment>
         <input_file_ref idref="fl-105"/>
      </object_component>
      <object_component id="oc-2db">
         <name>.text.__TI_ltoa</name>
         <load_address>0xe1e0</load_address>
         <readonly>true</readonly>
         <executable>true</executable>
         <run_address>0xe1e0</run_address>
         <size>0x58</size>
         <alignment>0x2</alignment>
         <input_file_ref idref="fl-44"/>
      </object_component>
      <object_component id="oc-1f8">
         <name>.text._pconv_f</name>
         <load_address>0xe238</load_address>
         <readonly>true</readonly>
         <executable>true</executable>
         <run_address>0xe238</run_address>
         <size>0x58</size>
         <alignment>0x2</alignment>
         <input_file_ref idref="fl-36"/>
      </object_component>
      <object_component id="oc-329">
         <name>.text.__aeabi_idivmod</name>
         <load_address>0xe290</load_address>
         <readonly>true</readonly>
         <executable>true</executable>
         <run_address>0xe290</run_address>
         <size>0x56</size>
         <alignment>0x4</alignment>
         <input_file_ref idref="fl-119"/>
      </object_component>
      <object_component id="oc-181">
         <name>.text.SYSCFG_DL_UART_0_init</name>
         <load_address>0xe2e8</load_address>
         <readonly>true</readonly>
         <executable>true</executable>
         <run_address>0xe2e8</run_address>
         <size>0x54</size>
         <alignment>0x4</alignment>
         <input_file_ref idref="fl-2"/>
      </object_component>
      <object_component id="oc-310">
         <name>.text.__TI_doflush</name>
         <load_address>0xe33c</load_address>
         <readonly>true</readonly>
         <executable>true</executable>
         <run_address>0xe33c</run_address>
         <size>0x52</size>
         <alignment>0x2</alignment>
         <input_file_ref idref="fl-52"/>
      </object_component>
      <object_component id="oc-2e1">
         <name>.text._ecpy</name>
         <load_address>0xe38e</load_address>
         <readonly>true</readonly>
         <executable>true</executable>
         <run_address>0xe38e</run_address>
         <size>0x52</size>
         <alignment>0x2</alignment>
         <input_file_ref idref="fl-36"/>
      </object_component>
      <object_component id="oc-27b">
         <name>.text.DL_I2C_startControllerTransfer</name>
         <load_address>0xe3e0</load_address>
         <readonly>true</readonly>
         <executable>true</executable>
         <run_address>0xe3e0</run_address>
         <size>0x50</size>
         <alignment>0x4</alignment>
         <input_file_ref idref="fl-4"/>
      </object_component>
      <object_component id="oc-397">
         <name>.text.close</name>
         <load_address>0xe430</load_address>
         <readonly>true</readonly>
         <executable>true</executable>
         <run_address>0xe430</run_address>
         <size>0x50</size>
         <alignment>0x4</alignment>
         <input_file_ref idref="fl-fd"/>
      </object_component>
      <object_component id="oc-251">
         <name>.text.DL_ADC12_initSingleSample</name>
         <load_address>0xe480</load_address>
         <readonly>true</readonly>
         <executable>true</executable>
         <run_address>0xe480</run_address>
         <size>0x4c</size>
         <alignment>0x4</alignment>
         <input_file_ref idref="fl-2"/>
      </object_component>
      <object_component id="oc-2f4">
         <name>.text.DL_DMA_initChannel</name>
         <load_address>0xe4cc</load_address>
         <readonly>true</readonly>
         <executable>true</executable>
         <run_address>0xe4cc</run_address>
         <size>0x4c</size>
         <alignment>0x4</alignment>
         <input_file_ref idref="fl-1a"/>
      </object_component>
      <object_component id="oc-244">
         <name>.text.DL_UART_setBaudRateDivisor</name>
         <load_address>0xe518</load_address>
         <readonly>true</readonly>
         <executable>true</executable>
         <run_address>0xe518</run_address>
         <size>0x4c</size>
         <alignment>0x4</alignment>
         <input_file_ref idref="fl-2"/>
      </object_component>
      <object_component id="oc-252">
         <name>.text.DL_ADC12_configConversionMem</name>
         <load_address>0xe564</load_address>
         <readonly>true</readonly>
         <executable>true</executable>
         <run_address>0xe564</run_address>
         <size>0x4a</size>
         <alignment>0x2</alignment>
         <input_file_ref idref="fl-2"/>
      </object_component>
      <object_component id="oc-2d7">
         <name>.text.__fixdfsi</name>
         <load_address>0xe5b0</load_address>
         <readonly>true</readonly>
         <executable>true</executable>
         <run_address>0xe5b0</run_address>
         <size>0x4a</size>
         <alignment>0x4</alignment>
         <input_file_ref idref="fl-10f"/>
      </object_component>
      <object_component id="oc-25f">
         <name>.text.DL_COMP_init</name>
         <load_address>0xe5fc</load_address>
         <readonly>true</readonly>
         <executable>true</executable>
         <run_address>0xe5fc</run_address>
         <size>0x48</size>
         <alignment>0x4</alignment>
         <input_file_ref idref="fl-2"/>
      </object_component>
      <object_component id="oc-242">
         <name>.text.DL_UART_init</name>
         <load_address>0xe644</load_address>
         <readonly>true</readonly>
         <executable>true</executable>
         <run_address>0xe644</run_address>
         <size>0x48</size>
         <alignment>0x4</alignment>
         <input_file_ref idref="fl-1d"/>
      </object_component>
      <object_component id="oc-377">
         <name>.text.HOSTclose</name>
         <load_address>0xe68c</load_address>
         <readonly>true</readonly>
         <executable>true</executable>
         <run_address>0xe68c</run_address>
         <size>0x48</size>
         <alignment>0x4</alignment>
         <input_file_ref idref="fl-ff"/>
      </object_component>
      <object_component id="oc-387">
         <name>.text.HOSTunlink</name>
         <load_address>0xe6d4</load_address>
         <readonly>true</readonly>
         <executable>true</executable>
         <run_address>0xe6d4</run_address>
         <size>0x48</size>
         <alignment>0x4</alignment>
         <input_file_ref idref="fl-104"/>
      </object_component>
      <object_component id="oc-17d">
         <name>.text.SYSCFG_DL_TIMER_0_init</name>
         <load_address>0xe71c</load_address>
         <readonly>true</readonly>
         <executable>true</executable>
         <run_address>0xe71c</run_address>
         <size>0x44</size>
         <alignment>0x4</alignment>
         <input_file_ref idref="fl-2"/>
      </object_component>
      <object_component id="oc-17f">
         <name>.text.SYSCFG_DL_TIMER_2_init</name>
         <load_address>0xe760</load_address>
         <readonly>true</readonly>
         <executable>true</executable>
         <run_address>0xe760</run_address>
         <size>0x44</size>
         <alignment>0x4</alignment>
         <input_file_ref idref="fl-2"/>
      </object_component>
      <object_component id="oc-24b">
         <name>.text.DL_ADC12_setClockConfig</name>
         <load_address>0xe7a4</load_address>
         <readonly>true</readonly>
         <executable>true</executable>
         <run_address>0xe7a4</run_address>
         <size>0x40</size>
         <alignment>0x4</alignment>
         <input_file_ref idref="fl-18"/>
      </object_component>
      <object_component id="oc-195">
         <name>.text.__aeabi_uidivmod</name>
         <load_address>0xe7e4</load_address>
         <readonly>true</readonly>
         <executable>true</executable>
         <run_address>0xe7e4</run_address>
         <size>0x40</size>
         <alignment>0x4</alignment>
         <input_file_ref idref="fl-11c"/>
      </object_component>
      <object_component id="oc-7f">
         <name>.text.__extendsfdf2</name>
         <load_address>0xe824</load_address>
         <readonly>true</readonly>
         <executable>true</executable>
         <run_address>0xe824</run_address>
         <size>0x40</size>
         <alignment>0x4</alignment>
         <input_file_ref idref="fl-10e"/>
      </object_component>
      <object_component id="oc-1e5">
         <name>.text.atoi</name>
         <load_address>0xe864</load_address>
         <readonly>true</readonly>
         <executable>true</executable>
         <run_address>0xe864</run_address>
         <size>0x40</size>
         <alignment>0x4</alignment>
         <input_file_ref idref="fl-46"/>
      </object_component>
      <object_component id="oc-210">
         <name>.text.DL_GPIO_initPeripheralInputFunctionFeatures</name>
         <load_address>0xe8a4</load_address>
         <readonly>true</readonly>
         <executable>true</executable>
         <run_address>0xe8a4</run_address>
         <size>0x3c</size>
         <alignment>0x4</alignment>
         <input_file_ref idref="fl-2"/>
      </object_component>
      <object_component id="oc-194">
         <name>.text.OLED_Set_Pos</name>
         <load_address>0xe8e0</load_address>
         <readonly>true</readonly>
         <executable>true</executable>
         <run_address>0xe8e0</run_address>
         <size>0x3c</size>
         <alignment>0x2</alignment>
         <input_file_ref idref="fl-4"/>
      </object_component>
      <object_component id="oc-7e">
         <name>.text.UART_SendString</name>
         <load_address>0xe91c</load_address>
         <readonly>true</readonly>
         <executable>true</executable>
         <run_address>0xe91c</run_address>
         <size>0x3c</size>
         <alignment>0x4</alignment>
         <input_file_ref idref="fl-1"/>
      </object_component>
      <object_component id="oc-cc">
         <name>.text.__floatsisf</name>
         <load_address>0xe958</load_address>
         <readonly>true</readonly>
         <executable>true</executable>
         <run_address>0xe958</run_address>
         <size>0x3c</size>
         <alignment>0x4</alignment>
         <input_file_ref idref="fl-112"/>
      </object_component>
      <object_component id="oc-f8">
         <name>.text.__gtsf2</name>
         <load_address>0xe994</load_address>
         <readonly>true</readonly>
         <executable>true</executable>
         <run_address>0xe994</run_address>
         <size>0x3c</size>
         <alignment>0x4</alignment>
         <input_file_ref idref="fl-11e"/>
      </object_component>
      <object_component id="oc-19f">
         <name>.text.arm_cfft_radix4_f32</name>
         <load_address>0xe9d0</load_address>
         <readonly>true</readonly>
         <executable>true</executable>
         <run_address>0xe9d0</run_address>
         <size>0x3c</size>
         <alignment>0x2</alignment>
         <input_file_ref idref="fl-14"/>
      </object_component>
      <object_component id="oc-13f">
         <name>.text:__TI_auto_init_nobinit_nopinit</name>
         <load_address>0xea0c</load_address>
         <readonly>true</readonly>
         <executable>true</executable>
         <run_address>0xea0c</run_address>
         <size>0x3c</size>
         <alignment>0x4</alignment>
         <input_file_ref idref="fl-4c"/>
      </object_component>
      <object_component id="oc-f3">
         <name>.text.__eqsf2</name>
         <load_address>0xea48</load_address>
         <readonly>true</readonly>
         <executable>true</executable>
         <run_address>0xea48</run_address>
         <size>0x3a</size>
         <alignment>0x4</alignment>
         <input_file_ref idref="fl-11e"/>
      </object_component>
      <object_component id="oc-154">
         <name>.text.__muldsi3</name>
         <load_address>0xea84</load_address>
         <readonly>true</readonly>
         <executable>true</executable>
         <run_address>0xea84</run_address>
         <size>0x3a</size>
         <alignment>0x4</alignment>
         <input_file_ref idref="fl-10a"/>
      </object_component>
      <object_component id="oc-273">
         <name>.text.DL_OPA_init</name>
         <load_address>0xeac0</load_address>
         <readonly>true</readonly>
         <executable>true</executable>
         <run_address>0xeac0</run_address>
         <size>0x38</size>
         <alignment>0x4</alignment>
         <input_file_ref idref="fl-2"/>
      </object_component>
      <object_component id="oc-22a">
         <name>.text.DL_Timer_setPublisherChanID</name>
         <load_address>0xeaf8</load_address>
         <readonly>true</readonly>
         <executable>true</executable>
         <run_address>0xeaf8</run_address>
         <size>0x38</size>
         <alignment>0x4</alignment>
         <input_file_ref idref="fl-2"/>
      </object_component>
      <object_component id="oc-186">
         <name>.text.SYSCFG_DL_COMP_2_init</name>
         <load_address>0xeb30</load_address>
         <readonly>true</readonly>
         <executable>true</executable>
         <run_address>0xeb30</run_address>
         <size>0x38</size>
         <alignment>0x4</alignment>
         <input_file_ref idref="fl-2"/>
      </object_component>
      <object_component id="oc-1ba">
         <name>.text.__fixsfsi</name>
         <load_address>0xeb68</load_address>
         <readonly>true</readonly>
         <executable>true</executable>
         <run_address>0xeb68</run_address>
         <size>0x38</size>
         <alignment>0x4</alignment>
         <input_file_ref idref="fl-121"/>
      </object_component>
      <object_component id="oc-78">
         <name>.text.sprintf</name>
         <load_address>0xeba0</load_address>
         <readonly>true</readonly>
         <executable>true</executable>
         <run_address>0xeba0</run_address>
         <size>0x38</size>
         <alignment>0x4</alignment>
         <input_file_ref idref="fl-37"/>
      </object_component>
      <object_component id="oc-260">
         <name>.text.DL_COMP_refVoltageInit</name>
         <load_address>0xebd8</load_address>
         <readonly>true</readonly>
         <executable>true</executable>
         <run_address>0xebd8</run_address>
         <size>0x34</size>
         <alignment>0x4</alignment>
         <input_file_ref idref="fl-2"/>
      </object_component>
      <object_component id="oc-214">
         <name>.text.DL_GPIO_initDigitalInputFeatures</name>
         <load_address>0xec0c</load_address>
         <readonly>true</readonly>
         <executable>true</executable>
         <run_address>0xec0c</run_address>
         <size>0x34</size>
         <alignment>0x4</alignment>
         <input_file_ref idref="fl-2"/>
      </object_component>
      <object_component id="oc-17b">
         <name>.text.SYSCFG_DL_CAPTURE_0_init</name>
         <load_address>0xec40</load_address>
         <readonly>true</readonly>
         <executable>true</executable>
         <run_address>0xec40</run_address>
         <size>0x34</size>
         <alignment>0x4</alignment>
         <input_file_ref idref="fl-2"/>
      </object_component>
      <object_component id="oc-184">
         <name>.text.SYSCFG_DL_COMP_0_init</name>
         <load_address>0xec74</load_address>
         <readonly>true</readonly>
         <executable>true</executable>
         <run_address>0xec74</run_address>
         <size>0x34</size>
         <alignment>0x4</alignment>
         <input_file_ref idref="fl-2"/>
      </object_component>
      <object_component id="oc-185">
         <name>.text.SYSCFG_DL_COMP_1_init</name>
         <load_address>0xeca8</load_address>
         <readonly>true</readonly>
         <executable>true</executable>
         <run_address>0xeca8</run_address>
         <size>0x34</size>
         <alignment>0x4</alignment>
         <input_file_ref idref="fl-2"/>
      </object_component>
      <object_component id="oc-17e">
         <name>.text.SYSCFG_DL_TIMER_1_init</name>
         <load_address>0xecdc</load_address>
         <readonly>true</readonly>
         <executable>true</executable>
         <run_address>0xecdc</run_address>
         <size>0x34</size>
         <alignment>0x4</alignment>
         <input_file_ref idref="fl-2"/>
      </object_component>
      <object_component id="oc-352">
         <name>.text.__TI_cleanup</name>
         <load_address>0xed10</load_address>
         <readonly>true</readonly>
         <executable>true</executable>
         <run_address>0xed10</run_address>
         <size>0x34</size>
         <alignment>0x4</alignment>
         <input_file_ref idref="fl-53"/>
      </object_component>
      <object_component id="oc-3a8">
         <name>.text.__TI_readmsg</name>
         <load_address>0xed44</load_address>
         <readonly>true</readonly>
         <executable>true</executable>
         <run_address>0xed44</run_address>
         <size>0x34</size>
         <alignment>0x4</alignment>
         <input_file_ref idref="fl-106"/>
      </object_component>
      <object_component id="oc-3a2">
         <name>.text.__TI_writemsg</name>
         <load_address>0xed78</load_address>
         <readonly>true</readonly>
         <executable>true</executable>
         <run_address>0xed78</run_address>
         <size>0x34</size>
         <alignment>0x4</alignment>
         <input_file_ref idref="fl-106"/>
      </object_component>
      <object_component id="oc-13d">
         <name>.text.exit</name>
         <load_address>0xedac</load_address>
         <readonly>true</readonly>
         <executable>true</executable>
         <run_address>0xedac</run_address>
         <size>0x34</size>
         <alignment>0x4</alignment>
         <input_file_ref idref="fl-42"/>
      </object_component>
      <object_component id="oc-3d6">
         <name>.text.finddevice</name>
         <load_address>0xede0</load_address>
         <readonly>true</readonly>
         <executable>true</executable>
         <run_address>0xede0</run_address>
         <size>0x34</size>
         <alignment>0x4</alignment>
         <input_file_ref idref="fl-124"/>
      </object_component>
      <object_component id="oc-122">
         <name>.text.__fixunssfsi</name>
         <load_address>0xee14</load_address>
         <readonly>true</readonly>
         <executable>true</executable>
         <run_address>0xee14</run_address>
         <size>0x32</size>
         <alignment>0x4</alignment>
         <input_file_ref idref="fl-110"/>
      </object_component>
      <object_component id="oc-2f3">
         <name>.text.DL_DMA_setTransferSize</name>
         <load_address>0xee48</load_address>
         <readonly>true</readonly>
         <executable>true</executable>
         <run_address>0xee48</run_address>
         <size>0x30</size>
         <alignment>0x4</alignment>
         <input_file_ref idref="fl-2"/>
      </object_component>
      <object_component id="oc-187">
         <name>.text.SYSCFG_DL_VREF_init</name>
         <load_address>0xee78</load_address>
         <readonly>true</readonly>
         <executable>true</executable>
         <run_address>0xee78</run_address>
         <size>0x30</size>
         <alignment>0x4</alignment>
         <input_file_ref idref="fl-2"/>
      </object_component>
      <object_component id="oc-2e2">
         <name>.text._fcpy</name>
         <load_address>0xeea8</load_address>
         <readonly>true</readonly>
         <executable>true</executable>
         <run_address>0xeea8</run_address>
         <size>0x30</size>
         <alignment>0x2</alignment>
         <input_file_ref idref="fl-36"/>
      </object_component>
      <object_component id="oc-1bf">
         <name>.text.oled_pow</name>
         <load_address>0xeed8</load_address>
         <readonly>true</readonly>
         <executable>true</executable>
         <run_address>0xeed8</run_address>
         <size>0x30</size>
         <alignment>0x2</alignment>
         <input_file_ref idref="fl-4"/>
      </object_component>
      <object_component id="oc-256">
         <name>.text.DL_ADC12_setDMASamplesCnt</name>
         <load_address>0xef08</load_address>
         <readonly>true</readonly>
         <executable>true</executable>
         <run_address>0xef08</run_address>
         <size>0x2c</size>
         <alignment>0x4</alignment>
         <input_file_ref idref="fl-2"/>
      </object_component>
      <object_component id="oc-17c">
         <name>.text.SYSCFG_DL_COMPARE_0_init</name>
         <load_address>0xef34</load_address>
         <readonly>true</readonly>
         <executable>true</executable>
         <run_address>0xef34</run_address>
         <size>0x2c</size>
         <alignment>0x4</alignment>
         <input_file_ref idref="fl-2"/>
      </object_component>
      <object_component id="oc-279">
         <name>.text.SYSCFG_DL_DMA_CH1_init</name>
         <load_address>0xef60</load_address>
         <readonly>true</readonly>
[...]
         <value>0xbfe9</value>
         <object_component_ref idref="oc-369"/>
      </symbol>
      <symbol id="sm-4e5">
         <name>_c_int00_noargs</name>
         <value>0xf2e5</value>
         <object_component_ref idref="oc-5c"/>
      </symbol>
      <symbol id="sm-4e6">
         <name>__stack</name>
         <value>0x20207e00</value>
         <object_component_ref idref="oc-1a"/>
      </symbol>
      <symbol id="sm-4f5">
         <name>__TI_auto_init_nobinit_nopinit</name>
         <value>0xea0d</value>
         <object_component_ref idref="oc-13f"/>
      </symbol>
      <symbol id="sm-4fd">
         <name>_system_pre_init</name>
         <value>0xfd25</value>
         <object_component_ref idref="oc-b9"/>
      </symbol>
      <symbol id="sm-508">
         <name>__TI_zero_init</name>
         <value>0xfc19</value>
         <object_component_ref idref="oc-59"/>
      </symbol>
      <symbol id="sm-511">
         <name>__TI_decompress_none</name>
         <value>0xfbb5</value>
         <object_component_ref idref="oc-20"/>
      </symbol>
      <symbol id="sm-51c">
         <name>__TI_decompress_lzss</name>
         <value>0xd7c1</value>
         <object_component_ref idref="oc-1c"/>
      </symbol>
      <symbol id="sm-526">
         <name>__TI_doflush</name>
         <value>0xe33d</value>
         <object_component_ref idref="oc-310"/>
      </symbol>
      <symbol id="sm-531">
         <name>__TI_cleanup</name>
         <value>0xed11</value>
         <object_component_ref idref="oc-352"/>
      </symbol>
      <symbol id="sm-53e">
         <name>fseek</name>
         <value>0xfcf5</value>
         <object_component_ref idref="oc-333"/>
      </symbol>
      <symbol id="sm-53f">
         <name>fseeko</name>
         <value>0xdaed</value>
         <object_component_ref idref="oc-348"/>
      </symbol>
      <symbol id="sm-540">
         <name>__aeabi_ctype_table_</name>
         <value>0x94a0</value>
         <object_component_ref idref="oc-2c2"/>
      </symbol>
      <symbol id="sm-541">
         <name>__aeabi_ctype_table_C</name>
         <value>0x94a0</value>
         <object_component_ref idref="oc-2c2"/>
      </symbol>
      <symbol id="sm-54d">
         <name>__TI_closefile</name>
         <value>0xd745</value>
         <object_component_ref idref="oc-36a"/>
      </symbol>
      <symbol id="sm-555">
         <name>HOSTexit</name>
         <value>0xfd0b</value>
         <object_component_ref idref="oc-1c9"/>
      </symbol>
      <symbol id="sm-556">
         <name>C$$EXIT</name>
         <value>0xfd0a</value>
         <object_component_ref idref="oc-1c9"/>
      </symbol>
      <symbol id="sm-560">
         <name>write</name>
         <value>0xf2bd</value>
         <object_component_ref idref="oc-30c"/>
      </symbol>
      <symbol id="sm-565">
         <name>_device</name>
         <value>0x202069e8</value>
         <object_component_ref idref="oc-35b"/>
      </symbol>
      <symbol id="sm-566">
         <name>_stream</name>
         <value>0x20206a60</value>
         <object_component_ref idref="oc-33f"/>
      </symbol>
      <symbol id="sm-56f">
         <name>remove</name>
         <value>0xfcfd</value>
         <object_component_ref idref="oc-39b"/>
      </symbol>
      <symbol id="sm-57a">
         <name>lseek</name>
         <value>0xf295</value>
         <object_component_ref idref="oc-35f"/>
      </symbol>
      <symbol id="sm-584">
         <name>close</name>
         <value>0xe431</value>
         <object_component_ref idref="oc-397"/>
      </symbol>
      <symbol id="sm-58e">
         <name>unlink</name>
         <value>0xf011</value>
         <object_component_ref idref="oc-3c3"/>
      </symbol>
      <symbol id="sm-598">
         <name>HOSTclose</name>
         <value>0xe68d</value>
         <object_component_ref idref="oc-377"/>
      </symbol>
      <symbol id="sm-5a2">
         <name>HOSTlseek</name>
         <value>0xda15</value>
         <object_component_ref idref="oc-383"/>
      </symbol>
      <symbol id="sm-5ac">
         <name>HOSTopen</name>
         <value>0xdf5d</value>
         <object_component_ref idref="oc-373"/>
      </symbol>
      <symbol id="sm-5ad">
         <name>parmbuf</name>
         <value>0x20205cb7</value>
         <object_component_ref idref="oc-3a9"/>
      </symbol>
      <symbol id="sm-5b7">
         <name>HOSTread</name>
         <value>0xe131</value>
         <object_component_ref idref="oc-37b"/>
      </symbol>
      <symbol id="sm-5c8">
         <name>HOSTrename</name>
         <value>0xda81</value>
         <object_component_ref idref="oc-38b"/>
      </symbol>
      <symbol id="sm-5d2">
         <name>HOSTunlink</name>
         <value>0xe6d5</value>
         <object_component_ref idref="oc-387"/>
      </symbol>
      <symbol id="sm-5dc">
         <name>HOSTwrite</name>
         <value>0xe189</value>
         <object_component_ref idref="oc-37f"/>
      </symbol>
      <symbol id="sm-5ea">
         <name>C$$IO$$</name>
         <value>0xeda5</value>
         <object_component_ref idref="oc-3a2"/>
      </symbol>
      <symbol id="sm-5eb">
         <name>__TI_writemsg</name>
         <value>0xed79</value>
         <object_component_ref idref="oc-3a2"/>
      </symbol>
      <symbol id="sm-5ec">
         <name>__CIOBUF_</name>
         <value>0x20205800</value>
         <object_component_ref idref="oc-3ca"/>
      </symbol>
      <symbol id="sm-5ed">
         <name>__TI_readmsg</name>
         <value>0xed45</value>
         <object_component_ref idref="oc-3a8"/>
      </symbol>
      <symbol id="sm-5ee">
         <name>_CIOBUF_</name>
         <value>0x20205800</value>
         <object_component_ref idref="oc-3ca"/>
      </symbol>
      <symbol id="sm-5f4">
         <name>__aeabi_fadd</name>
         <value>0xcc03</value>
         <object_component_ref idref="oc-d0"/>
      </symbol>
      <symbol id="sm-5f5">
         <name>__addsf3</name>
         <value>0xcc03</value>
         <object_component_ref idref="oc-d0"/>
      </symbol>
      <symbol id="sm-5f6">
         <name>__aeabi_fsub</name>
         <value>0xcbf9</value>
         <object_component_ref idref="oc-d0"/>
      </symbol>
      <symbol id="sm-5f7">
         <name>__subsf3</name>
         <value>0xcbf9</value>
         <object_component_ref idref="oc-d0"/>
      </symbol>
      <symbol id="sm-5fd">
         <name>__aeabi_dadd</name>
         <value>0xb2a7</value>
         <object_component_ref idref="oc-159"/>
      </symbol>
      <symbol id="sm-5fe">
         <name>__adddf3</name>
         <value>0xb2a7</value>
         <object_component_ref idref="oc-159"/>
      </symbol>
      <symbol id="sm-5ff">
         <name>__aeabi_dsub</name>
         <value>0xb29d</value>
         <object_component_ref idref="oc-159"/>
      </symbol>
      <symbol id="sm-600">
         <name>__subdf3</name>
         <value>0xb29d</value>
         <object_component_ref idref="oc-159"/>
      </symbol>
      <symbol id="sm-609">
         <name>__aeabi_dmul</name>
         <value>0xc6c9</value>
         <object_component_ref idref="oc-dc"/>
      </symbol>
      <symbol id="sm-60a">
         <name>__muldf3</name>
         <value>0xc6c9</value>
         <object_component_ref idref="oc-dc"/>
      </symbol>
      <symbol id="sm-610">
         <name>__muldsi3</name>
         <value>0xea85</value>
         <object_component_ref idref="oc-154"/>
      </symbol>
      <symbol id="sm-616">
         <name>__aeabi_fmul</name>
         <value>0xd4a1</value>
         <object_component_ref idref="oc-d4"/>
      </symbol>
      <symbol id="sm-617">
         <name>__mulsf3</name>
         <value>0xd4a1</value>
         <object_component_ref idref="oc-d4"/>
      </symbol>
      <symbol id="sm-61d">
         <name>__aeabi_fdiv</name>
         <value>0xd6c1</value>
         <object_component_ref idref="oc-c8"/>
      </symbol>
      <symbol id="sm-61e">
         <name>__divsf3</name>
         <value>0xd6c1</value>
         <object_component_ref idref="oc-c8"/>
      </symbol>
      <symbol id="sm-624">
         <name>__aeabi_ddiv</name>
         <value>0xc0fd</value>
         <object_component_ref idref="oc-83"/>
      </symbol>
      <symbol id="sm-625">
         <name>__divdf3</name>
         <value>0xc0fd</value>
         <object_component_ref idref="oc-83"/>
      </symbol>
      <symbol id="sm-62b">
         <name>__aeabi_f2d</name>
         <value>0xe825</value>
         <object_component_ref idref="oc-7f"/>
      </symbol>
      <symbol id="sm-62c">
         <name>__extendsfdf2</name>
         <value>0xe825</value>
         <object_component_ref idref="oc-7f"/>
      </symbol>
      <symbol id="sm-632">
         <name>__aeabi_d2iz</name>
         <value>0xe5b1</value>
         <object_component_ref idref="oc-2d7"/>
      </symbol>
      <symbol id="sm-633">
         <name>__fixdfsi</name>
         <value>0xe5b1</value>
         <object_component_ref idref="oc-2d7"/>
      </symbol>
      <symbol id="sm-639">
         <name>__aeabi_f2uiz</name>
         <value>0xee15</value>
         <object_component_ref idref="oc-122"/>
      </symbol>
      <symbol id="sm-63a">
         <name>__fixunssfsi</name>
         <value>0xee15</value>
         <object_component_ref idref="oc-122"/>
      </symbol>
      <symbol id="sm-640">
         <name>__aeabi_i2d</name>
         <value>0xefe5</value>
         <object_component_ref idref="oc-e4"/>
      </symbol>
      <symbol id="sm-641">
         <name>__floatsidf</name>
         <value>0xefe5</value>
         <object_component_ref idref="oc-e4"/>
      </symbol>
      <symbol id="sm-647">
         <name>__aeabi_i2f</name>
         <value>0xe959</value>
         <object_component_ref idref="oc-cc"/>
      </symbol>
      <symbol id="sm-648">
         <name>__floatsisf</name>
         <value>0xe959</value>
         <object_component_ref idref="oc-cc"/>
      </symbol>
      <symbol id="sm-64e">
         <name>__aeabi_ui2d</name>
         <value>0xf3a5</value>
         <object_component_ref idref="oc-117"/>
      </symbol>
      <symbol id="sm-64f">
         <name>__floatunsidf</name>
         <value>0xf3a5</value>
         <object_component_ref idref="oc-117"/>
      </symbol>
      <symbol id="sm-655">
         <name>__aeabi_ui2f</name>
         <value>0xf245</value>
         <object_component_ref idref="oc-8c"/>
      </symbol>
      <symbol id="sm-656">
         <name>__floatunsisf</name>
         <value>0xf245</value>
         <object_component_ref idref="oc-8c"/>
      </symbol>
      <symbol id="sm-65c">
         <name>__aeabi_lmul</name>
         <value>0xf3c9</value>
         <object_component_ref idref="oc-1ed"/>
      </symbol>
      <symbol id="sm-65d">
         <name>__muldi3</name>
         <value>0xf3c9</value>
         <object_component_ref idref="oc-1ed"/>
      </symbol>
      <symbol id="sm-664">
         <name>__aeabi_d2f</name>
         <value>0xd931</value>
         <object_component_ref idref="oc-e0"/>
      </symbol>
      <symbol id="sm-665">
         <name>__truncdfsf2</name>
         <value>0xd931</value>
         <object_component_ref idref="oc-e0"/>
      </symbol>
      <symbol id="sm-66b">
         <name>__aeabi_dcmpeq</name>
         <value>0xde95</value>
         <object_component_ref idref="oc-1c1"/>
      </symbol>
      <symbol id="sm-66c">
         <name>__aeabi_dcmplt</name>
         <value>0xdea9</value>
         <object_component_ref idref="oc-1c1"/>
      </symbol>
      <symbol id="sm-66d">
         <name>__aeabi_dcmple</name>
         <value>0xdebd</value>
         <object_component_ref idref="oc-1c1"/>
      </symbol>
      <symbol id="sm-66e">
         <name>__aeabi_dcmpge</name>
         <value>0xded1</value>
         <object_component_ref idref="oc-1c1"/>
      </symbol>
      <symbol id="sm-66f">
         <name>__aeabi_dcmpgt</name>
         <value>0xdee5</value>
         <object_component_ref idref="oc-1c1"/>
      </symbol>
      <symbol id="sm-675">
         <name>__aeabi_fcmpeq</name>
         <value>0xdef9</value>
         <object_component_ref idref="oc-87"/>
      </symbol>
      <symbol id="sm-676">
         <name>__aeabi_fcmplt</name>
         <value>0xdf0d</value>
         <object_component_ref idref="oc-87"/>
      </symbol>
      <symbol id="sm-677">
         <name>__aeabi_fcmple</name>
         <value>0xdf21</value>
         <object_component_ref idref="oc-87"/>
      </symbol>
      <symbol id="sm-678">
         <name>__aeabi_fcmpge</name>
         <value>0xdf35</value>
         <object_component_ref idref="oc-87"/>
      </symbol>
      <symbol id="sm-679">
         <name>__aeabi_fcmpgt</name>
         <value>0xdf49</value>
         <object_component_ref idref="oc-87"/>
      </symbol>
      <symbol id="sm-67f">
         <name>__aeabi_idiv</name>
         <value>0xe291</value>
         <object_component_ref idref="oc-329"/>
      </symbol>
      <symbol id="sm-680">
         <name>__aeabi_idivmod</name>
         <value>0xe291</value>
         <object_component_ref idref="oc-329"/>
      </symbol>
      <symbol id="sm-686">
         <name>__aeabi_memcpy</name>
         <value>0xfcdd</value>
         <object_component_ref idref="oc-4c"/>
      </symbol>
      <symbol id="sm-687">
         <name>__aeabi_memcpy4</name>
         <value>0xfcdd</value>
         <object_component_ref idref="oc-4c"/>
      </symbol>
      <symbol id="sm-688">
         <name>__aeabi_memcpy8</name>
         <value>0xfcdd</value>
         <object_component_ref idref="oc-4c"/>
      </symbol>
      <symbol id="sm-691">
         <name>__aeabi_memset</name>
         <value>0xfc39</value>
         <object_component_ref idref="oc-1dd"/>
      </symbol>
      <symbol id="sm-692">
         <name>__aeabi_memset4</name>
         <value>0xfc39</value>
         <object_component_ref idref="oc-1dd"/>
      </symbol>
      <symbol id="sm-693">
         <name>__aeabi_memset8</name>
         <value>0xfc39</value>
         <object_component_ref idref="oc-1dd"/>
      </symbol>
      <symbol id="sm-694">
         <name>__aeabi_memclr</name>
         <value>0xfc8d</value>
         <object_component_ref idref="oc-b4"/>
      </symbol>
      <symbol id="sm-695">
         <name>__aeabi_memclr4</name>
         <value>0xfc8d</value>
         <object_component_ref idref="oc-b4"/>
      </symbol>
      <symbol id="sm-696">
         <name>__aeabi_memclr8</name>
         <value>0xfc8d</value>
         <object_component_ref idref="oc-b4"/>
      </symbol>
      <symbol id="sm-69c">
         <name>__aeabi_uidiv</name>
         <value>0xe7e5</value>
         <object_component_ref idref="oc-195"/>
      </symbol>
      <symbol id="sm-69d">
         <name>__aeabi_uidivmod</name>
         <value>0xe7e5</value>
         <object_component_ref idref="oc-195"/>
      </symbol>
      <symbol id="sm-6a3">
         <name>__aeabi_uldivmod</name>
         <value>0xfb21</value>
         <object_component_ref idref="oc-1f2"/>
      </symbol>
      <symbol id="sm-6ac">
         <name>__eqsf2</name>
         <value>0xea49</value>
         <object_component_ref idref="oc-f3"/>
      </symbol>
      <symbol id="sm-6ad">
         <name>__lesf2</name>
         <value>0xea49</value>
         <object_component_ref idref="oc-f3"/>
      </symbol>
      <symbol id="sm-6ae">
         <name>__ltsf2</name>
         <value>0xea49</value>
         <object_component_ref idref="oc-f3"/>
      </symbol>
      <symbol id="sm-6af">
         <name>__nesf2</name>
         <value>0xea49</value>
         <object_component_ref idref="oc-f3"/>
      </symbol>
      <symbol id="sm-6b0">
         <name>__cmpsf2</name>
         <value>0xea49</value>
         <object_component_ref idref="oc-f3"/>
      </symbol>
      <symbol id="sm-6b1">
         <name>__gtsf2</name>
         <value>0xe995</value>
         <object_component_ref idref="oc-f8"/>
      </symbol>
      <symbol id="sm-6b2">
         <name>__gesf2</name>
         <value>0xe995</value>
         <object_component_ref idref="oc-f8"/>
      </symbol>
      <symbol id="sm-6b8">
         <name>__udivmoddi4</name>
         <value>0xd051</value>
         <object_component_ref idref="oc-2ca"/>
      </symbol>
      <symbol id="sm-6be">
         <name>__aeabi_llsl</name>
         <value>0xf511</value>
         <object_component_ref idref="oc-31d"/>
      </symbol>
      <symbol id="sm-6bf">
         <name>__ashldi3</name>
         <value>0xf511</value>
         <object_component_ref idref="oc-31d"/>
      </symbol>
      <symbol id="sm-6c5">
         <name>__aeabi_f2iz</name>
         <value>0xeb69</value>
         <object_component_ref idref="oc-1ba"/>
      </symbol>
      <symbol id="sm-6c6">
         <name>__fixsfsi</name>
         <value>0xeb69</value>
         <object_component_ref idref="oc-1ba"/>
      </symbol>
      <symbol id="sm-6d4">
         <name>__ledf2</name>
         <value>0xdc99</value>
         <object_component_ref idref="oc-2b2"/>
      </symbol>
      <symbol id="sm-6d5">
         <name>__gedf2</name>
         <value>0xd8b5</value>
         <object_component_ref idref="oc-2b8"/>
      </symbol>
      <symbol id="sm-6d6">
         <name>__cmpdf2</name>
         <value>0xdc99</value>
         <object_component_ref idref="oc-2b2"/>
      </symbol>
      <symbol id="sm-6d7">
         <name>__eqdf2</name>
         <value>0xdc99</value>
         <object_component_ref idref="oc-2b2"/>
      </symbol>
      <symbol id="sm-6d8">
         <name>__ltdf2</name>
         <value>0xdc99</value>
         <object_component_ref idref="oc-2b2"/>
      </symbol>
      <symbol id="sm-6d9">
         <name>__nedf2</name>
         <value>0xdc99</value>
         <object_component_ref idref="oc-2b2"/>
      </symbol>
      <symbol id="sm-6da">
         <name>__gtdf2</name>
         <value>0xd8b5</value>
         <object_component_ref idref="oc-2b8"/>
      </symbol>
      <symbol id="sm-6e6">
         <name>__aeabi_idiv0</name>
         <value>0xb42f</value>
         <object_component_ref idref="oc-27c"/>
      </symbol>
      <symbol id="sm-6e7">
         <name>__aeabi_ldiv0</name>
         <value>0xc4f7</value>
         <object_component_ref idref="oc-31c"/>
      </symbol>
      <symbol id="sm-6f5">
         <name>finddevice</name>
         <value>0xede1</value>
         <object_component_ref idref="oc-3d6"/>
      </symbol>
      <symbol id="sm-6f6">
         <name>getdevice</name>
         <value>0xdb59</value>
         <object_component_ref idref="oc-3cd"/>
      </symbol>
      <symbol id="sm-6ff">
         <name>TI_memcpy_small</name>
         <value>0xfba3</value>
         <object_component_ref idref="oc-fd"/>
      </symbol>
      <symbol id="sm-708">
         <name>TI_memset_small</name>
         <value>0xfc71</value>
         <object_component_ref idref="oc-172"/>
      </symbol>
      <symbol id="sm-710">
         <name>strcmp</name>
         <value>0xd531</value>
         <object_component_ref idref="oc-3d9"/>
      </symbol>
      <symbol id="sm-711">
         <name>__TI_static_base__</name>
         <value>0x0</value>
      </symbol>
      <symbol id="sm-715">
         <name>__mpu_init</name>
         <value>0x0</value>
      </symbol>
      <symbol id="sm-716">
         <name>_system_post_cinit</name>
         <value>0x0</value>
      </symbol>
   </symbol_table>
   <title>Link successful</title>
</link_info>
